Component: ARM Compiler 5.05 update 2 (build 169) Tool: armlink [4d0f33]

==============================================================================

Section Cross References

    system_stm32f10x.o(i.SystemCoreClockUpdate) refers to system_stm32f10x.o(.data) for .data
    system_stm32f10x.o(i.SystemInit) refers to system_stm32f10x.o(i.SetSysClockTo72) for SetSysClockTo72
    startup_stm32f10x_hd.o(STACK) refers (Special) to heapauxi.o(.text) for __use_two_region_memory
    startup_stm32f10x_hd.o(HEAP) refers (Special) to heapauxi.o(.text) for __use_two_region_memory
    startup_stm32f10x_hd.o(RESET) refers (Special) to heapauxi.o(.text) for __use_two_region_memory
    startup_stm32f10x_hd.o(RESET) refers to startup_stm32f10x_hd.o(STACK) for __initial_sp
    startup_stm32f10x_hd.o(RESET) refers to startup_stm32f10x_hd.o(.text) for Reset_Handler
    startup_stm32f10x_hd.o(RESET) refers to stm32f10x_it.o(i.NMI_Handler) for NMI_Handler
    startup_stm32f10x_hd.o(RESET) refers to stm32f10x_it.o(i.HardFault_Handler) for HardFault_Handler
    startup_stm32f10x_hd.o(RESET) refers to stm32f10x_it.o(i.MemManage_Handler) for MemManage_Handler
    startup_stm32f10x_hd.o(RESET) refers to stm32f10x_it.o(i.BusFault_Handler) for BusFault_Handler
    startup_stm32f10x_hd.o(RESET) refers to stm32f10x_it.o(i.UsageFault_Handler) for UsageFault_Handler
    startup_stm32f10x_hd.o(RESET) refers to stm32f10x_it.o(i.SVC_Handler) for SVC_Handler
    startup_stm32f10x_hd.o(RESET) refers to stm32f10x_it.o(i.DebugMon_Handler) for DebugMon_Handler
    startup_stm32f10x_hd.o(RESET) refers to stm32f10x_it.o(i.PendSV_Handler) for PendSV_Handler
    startup_stm32f10x_hd.o(RESET) refers to stm32f10x_it.o(i.SysTick_Handler) for SysTick_Handler
    startup_stm32f10x_hd.o(RESET) refers to bsp_usart.o(i.USART1_IRQHandler) for USART1_IRQHandler
    startup_stm32f10x_hd.o(RESET) refers to stm32f10x_it.o(i.USART2_IRQHandler) for USART2_IRQHandler
    startup_stm32f10x_hd.o(RESET) refers to stm32f10x_it.o(i.TIM7_IRQHandler) for TIM7_IRQHandler
    startup_stm32f10x_hd.o(.text) refers (Special) to heapauxi.o(.text) for __use_two_region_memory
    startup_stm32f10x_hd.o(.text) refers to system_stm32f10x.o(i.SystemInit) for SystemInit
    startup_stm32f10x_hd.o(.text) refers to __main.o(!!!main) for __main
    startup_stm32f10x_hd.o(.text) refers to startup_stm32f10x_hd.o(HEAP) for Heap_Mem
    startup_stm32f10x_hd.o(.text) refers to startup_stm32f10x_hd.o(STACK) for Stack_Mem
    stm32f10x_rcc.o(i.RCC_GetClocksFreq) refers to stm32f10x_rcc.o(.data) for .data
    stm32f10x_rcc.o(i.RCC_WaitForHSEStartUp) refers to stm32f10x_rcc.o(i.RCC_GetFlagStatus) for RCC_GetFlagStatus
    stm32f10x_tim.o(i.TIM_DeInit) refers to stm32f10x_rcc.o(i.RCC_APB1PeriphResetCmd) for RCC_APB1PeriphResetCmd
    stm32f10x_tim.o(i.TIM_DeInit) refers to stm32f10x_rcc.o(i.RCC_APB2PeriphResetCmd) for RCC_APB2PeriphResetCmd
    stm32f10x_tim.o(i.TIM_ETRClockMode1Config) refers to stm32f10x_tim.o(i.TIM_ETRConfig) for TIM_ETRConfig
    stm32f10x_tim.o(i.TIM_ETRClockMode2Config) refers to stm32f10x_tim.o(i.TIM_ETRConfig) for TIM_ETRConfig
    stm32f10x_tim.o(i.TIM_ICInit) refers to stm32f10x_tim.o(i.TI1_Config) for TI1_Config
    stm32f10x_tim.o(i.TIM_ICInit) refers to stm32f10x_tim.o(i.TIM_SetIC1Prescaler) for TIM_SetIC1Prescaler
    stm32f10x_tim.o(i.TIM_ICInit) refers to stm32f10x_tim.o(i.TI2_Config) for TI2_Config
    stm32f10x_tim.o(i.TIM_ICInit) refers to stm32f10x_tim.o(i.TIM_SetIC2Prescaler) for TIM_SetIC2Prescaler
    stm32f10x_tim.o(i.TIM_ICInit) refers to stm32f10x_tim.o(i.TIM_SetIC3Prescaler) for TIM_SetIC3Prescaler
    stm32f10x_tim.o(i.TIM_ICInit) refers to stm32f10x_tim.o(i.TIM_SetIC4Prescaler) for TIM_SetIC4Prescaler
    stm32f10x_tim.o(i.TIM_ITRxExternalClockConfig) refers to stm32f10x_tim.o(i.TIM_SelectInputTrigger) for TIM_SelectInputTrigger
    stm32f10x_tim.o(i.TIM_PWMIConfig) refers to stm32f10x_tim.o(i.TI2_Config) for TI2_Config
    stm32f10x_tim.o(i.TIM_PWMIConfig) refers to stm32f10x_tim.o(i.TIM_SetIC2Prescaler) for TIM_SetIC2Prescaler
    stm32f10x_tim.o(i.TIM_PWMIConfig) refers to stm32f10x_tim.o(i.TI1_Config) for TI1_Config
    stm32f10x_tim.o(i.TIM_PWMIConfig) refers to stm32f10x_tim.o(i.TIM_SetIC1Prescaler) for TIM_SetIC1Prescaler
    stm32f10x_tim.o(i.TIM_TIxExternalClockConfig) refers to stm32f10x_tim.o(i.TI1_Config) for TI1_Config
    stm32f10x_tim.o(i.TIM_TIxExternalClockConfig) refers to stm32f10x_tim.o(i.TIM_SelectInputTrigger) for TIM_SelectInputTrigger
    stm32f10x_tim.o(i.TIM_TIxExternalClockConfig) refers to stm32f10x_tim.o(i.TI2_Config) for TI2_Config
    stm32f10x_usart.o(i.USART_DeInit) refers to stm32f10x_rcc.o(i.RCC_APB2PeriphResetCmd) for RCC_APB2PeriphResetCmd
    stm32f10x_usart.o(i.USART_DeInit) refers to stm32f10x_rcc.o(i.RCC_APB1PeriphResetCmd) for RCC_APB1PeriphResetCmd
    stm32f10x_usart.o(i.USART_Init) refers to stm32f10x_rcc.o(i.RCC_GetClocksFreq) for RCC_GetClocksFreq
[...]
    .text                                    0x080009bc   Section        8  rt_locale_intlibspace.o(.text)
    .text                                    0x080009c4   Section        8  rt_errno_addr_intlibspace.o(.text)
    .text                                    0x080009cc   Section      138  lludiv10.o(.text)
    .text                                    0x08000a58   Section        0  _printf_fp_infnan.o(.text)
    .text                                    0x08000ad8   Section        0  bigflt0.o(.text)
    .text                                    0x08000bb4   Section        0  ferror.o(.text)
    .text                                    0x08000bbc   Section        8  libspace.o(.text)
    .text                                    0x08000bc4   Section       74  sys_stackheap_outer.o(.text)
    .text                                    0x08000c0e   Section        0  exit.o(.text)
    .text                                    0x08000c1c   Section      128  strcmpv7m.o(.text)
    CL$$btod_d2e                             0x08000c9c   Section       62  btod.o(CL$$btod_d2e)
    CL$$btod_d2e_denorm_low                  0x08000cda   Section       70  btod.o(CL$$btod_d2e_denorm_low)
    CL$$btod_d2e_norm_op1                    0x08000d20   Section       96  btod.o(CL$$btod_d2e_norm_op1)
    CL$$btod_div_common                      0x08000d80   Section      824  btod.o(CL$$btod_div_common)
    CL$$btod_e2e                             0x080010b8   Section      198  btod.o(CL$$btod_e2e)
    CL$$btod_ediv                            0x0800117e   Section       40  btod.o(CL$$btod_ediv)
    CL$$btod_emul                            0x080011a6   Section       40  btod.o(CL$$btod_emul)
    CL$$btod_mult_common                     0x080011ce   Section      580  btod.o(CL$$btod_mult_common)
    i.Base_Tim_Init                          0x08001414   Section        0  bsp_basetim.o(i.Base_Tim_Init)
    i.BusFault_Handler                       0x08001474   Section        0  stm32f10x_it.o(i.BusFault_Handler)
    i.DebugMon_Handler                       0x08001490   Section        0  stm32f10x_it.o(i.DebugMon_Handler)
    i.GPIO_Init                              0x080014ac   Section        0  stm32f10x_gpio.o(i.GPIO_Init)
    i.GPIO_ReadInputDataBit                  0x08001548   Section        0  stm32f10x_gpio.o(i.GPIO_ReadInputDataBit)
    i.HardFault_Handler                      0x08001558   Section        0  stm32f10x_it.o(i.HardFault_Handler)
    i.Key_GPIO_Init                          0x08001574   Section        0  bsp_key.o(i.Key_GPIO_Init)
    i.Key_Scan                               0x080015d0   Section        0  bsp_key.o(i.Key_Scan)
    i.MemManage_Handler                      0x080016a8   Section        0  stm32f10x_it.o(i.MemManage_Handler)
    i.Mode0                                  0x080016c4   Section        0  bsp_control.o(i.Mode0)
    i.Mode1                                  0x080016c8   Section        0  bsp_control.o(i.Mode1)
    i.Mode2                                  0x08001868   Section        0  bsp_control.o(i.Mode2)
    i.Mode3                                  0x08001940   Section        0  bsp_control.o(i.Mode3)
    i.Motor_Init                             0x08001a70   Section        0  motor.o(i.Motor_Init)
    i.NMI_Handler                            0x08001a84   Section        0  stm32f10x_it.o(i.NMI_Handler)
    i.NVIC_Init                              0x08001aa0   Section        0  misc.o(i.NVIC_Init)
    i.NVIC_PriorityGroupConfig               0x08001b04   Section        0  misc.o(i.NVIC_PriorityGroupConfig)
    i.PID_M1_Init                            0x08001b18   Section        0  motor_pid.o(i.PID_M1_Init)
    i.PID_M1_PosLocCalc                      0x08001b34   Section        0  motor_pid.o(i.PID_M1_PosLocCalc)
    i.PID_M1_SetKd                           0x08001bd8   Section        0  motor_pid.o(i.PID_M1_SetKd)
    i.PID_M1_SetKi                           0x08001be4   Section        0  motor_pid.o(i.PID_M1_SetKi)
    i.PID_M1_SetKp                           0x08001bf0   Section        0  motor_pid.o(i.PID_M1_SetKp)
    i.PID_M1_SetPoint                        0x08001bfc   Section        0  motor_pid.o(i.PID_M1_SetPoint)
    i.PID_M2_Init                            0x08001c08   Section        0  motor_pid.o(i.PID_M2_Init)
    i.PID_M2_PosLocCalc                      0x08001c24   Section        0  motor_pid.o(i.PID_M2_PosLocCalc)
    i.PID_M2_SetKd                           0x08001cc8   Section        0  motor_pid.o(i.PID_M2_SetKd)
    i.PID_M2_SetKi                           0x08001cd4   Section        0  motor_pid.o(i.PID_M2_SetKi)
    i.PID_M2_SetKp                           0x08001ce0   Section        0  motor_pid.o(i.PID_M2_SetKp)
    i.PID_M2_SetPoint                        0x08001cec   Section        0  motor_pid.o(i.PID_M2_SetPoint)
    i.PendSV_Handler                         0x08001cf8   Section        0  stm32f10x_it.o(i.PendSV_Handler)
    i.RCC_APB1PeriphClockCmd                 0x08001d14   Section        0  stm32f10x_rcc.o(i.RCC_APB1PeriphClockCmd)
    i.RCC_APB2PeriphClockCmd                 0x08001d2c   Section        0  stm32f10x_rcc.o(i.RCC_APB2PeriphClockCmd)
    i.RCC_GetClocksFreq                      0x08001d44   Section        0  stm32f10x_rcc.o(i.RCC_GetClocksFreq)
    i.SVC_Handler                            0x08001dd8   Section        0  stm32f10x_it.o(i.SVC_Handler)
    i.SetSysClockTo72                        0x08001df4   Section        0  system_stm32f10x.o(i.SetSysClockTo72)
    SetSysClockTo72                          0x08001df5   Thumb Code   160  system_stm32f10x.o(i.SetSysClockTo72)
    i.Set_MotorX_PWM                         0x08001e9c   Section        0  motor.o(i.Set_MotorX_PWM)
    i.Set_MotorY_PWM                         0x08001eaa   Section        0  motor.o(i.Set_MotorY_PWM)
    i.Set_X_Negative_PWM                     0x08001eb8   Section        0  motor.o(i.Set_X_Negative_PWM)
    i.Set_X_Positive_PWM                     0x08001ee4   Section        0  motor.o(i.Set_X_Positive_PWM)
    i.Set_Y_Negative_PWM                     0x08001f10   Section        0  motor.o(i.Set_Y_Negative_PWM)
    i.Set_Y_Positive_PWM                     0x08001f40   Section        0  motor.o(i.Set_Y_Positive_PWM)
    i.Set_motor1_Stop                        0x08001f70   Section        0  motor.o(i.Set_motor1_Stop)
    i.SysTick_Handler                        0x08001fc0   Section        0  stm32f10x_it.o(i.SysTick_Handler)
    i.SystemInit                             0x08001fc4   Section        0  system_stm32f10x.o(i.SystemInit)
    i.TIM7_IRQHandler                        0x08002014   Section        0  stm32f10x_it.o(i.TIM7_IRQHandler)
    i.TIM_ARRPreloadConfig                   0x08002140   Section        0  stm32f10x_tim.o(i.TIM_ARRPreloadConfig)
    i.TIM_ClearFlag                          0x08002154   Section        0  stm32f10x_tim.o(i.TIM_ClearFlag)
    i.TIM_Cmd                                0x0800215a   Section        0  stm32f10x_tim.o(i.TIM_Cmd)
    i.TIM_GetITStatus                        0x0800216e   Section        0  stm32f10x_tim.o(i.TIM_GetITStatus)
    i.TIM_ITConfig                           0x08002186   Section        0  stm32f10x_tim.o(i.TIM_ITConfig)
    i.TIM_OC1Init                            0x08002198   Section        0  stm32f10x_tim.o(i.TIM_OC1Init)
    i.TIM_OC1PreloadConfig                   0x08002218   Section        0  stm32f10x_tim.o(i.TIM_OC1PreloadConfig)
    i.TIM_OC2Init                            0x08002224   Section        0  stm32f10x_tim.o(i.TIM_OC2Init)
    i.TIM_OC2PreloadConfig                   0x080022a4   Section        0  stm32f10x_tim.o(i.TIM_OC2PreloadConfig)
    i.TIM_OC3Init                            0x080022b8   Section        0  stm32f10x_tim.o(i.TIM_OC3Init)
    i.TIM_OC3PreloadConfig                   0x08002334   Section        0  stm32f10x_tim.o(i.TIM_OC3PreloadConfig)
    i.TIM_OC4Init                            0x08002340   Section        0  stm32f10x_tim.o(i.TIM_OC4Init)
    i.TIM_OC4PreloadConfig                   0x080023a4   Section        0  stm32f10x_tim.o(i.TIM_OC4PreloadConfig)
    i.TIM_TimeBaseInit                       0x080023b8   Section        0  stm32f10x_tim.o(i.TIM_TimeBaseInit)
    i.TIMx_Mode_Config                       0x08002454   Section        0  bsp_pwm_output.o(i.TIMx_Mode_Config)
    TIMx_Mode_Config                         0x08002455   Thumb Code   164  bsp_pwm_output.o(i.TIMx_Mode_Config)
    i.TIMx_PWM_Init                          0x080024fc   Section        0  bsp_pwm_output.o(i.TIMx_PWM_Init)
    i.USART1_IRQHandler                      0x08002568   Section        0  bsp_usart.o(i.USART1_IRQHandler)
    i.USART2_IRQHandler                      0x080025cc   Section        0  stm32f10x_it.o(i.USART2_IRQHandler)
    i.USART3_Config                          0x0800268c   Section        0  bsp_usart_hmi.o(i.USART3_Config)
    i.USART_Cmd                              0x08002738   Section        0  stm32f10x_usart.o(i.USART_Cmd)
    i.USART_Config                           0x0800274c   Section        0  bsp_usart2.o(i.USART_Config)
    i.USART_GetFlagStatus                    0x080027f0   Section        0  stm32f10x_usart.o(i.USART_GetFlagStatus)
    i.USART_GetITStatus                      0x080027fe   Section        0  stm32f10x_usart.o(i.USART_GetITStatus)
    i.USART_ITConfig                         0x0800283c   Section        0  stm32f10x_usart.o(i.USART_ITConfig)
    i.USART_Init                             0x0800286c   Section        0  stm32f10x_usart.o(i.USART_Init)
    i.USART_ReceiveData                      0x08002918   Section        0  stm32f10x_usart.o(i.USART_ReceiveData)
    i.USART_SendData                         0x08002920   Section        0  stm32f10x_usart.o(i.USART_SendData)
    i.UsageFault_Handler                     0x08002928   Section        0  stm32f10x_it.o(i.UsageFault_Handler)
    i.Usart_SendByte                         0x08002944   Section        0  bsp_usart2.o(i.Usart_SendByte)
    i.Usart_SendString                       0x0800295a   Section        0  bsp_usart2.o(i.Usart_SendString)
    i.__ARM_fpclassify                       0x08002980   Section        0  fpclassify.o(i.__ARM_fpclassify)
    i.__ieee754_rem_pio2                     0x080029a8   Section        0  rred.o(i.__ieee754_rem_pio2)
    i.__kernel_cos                           0x08002d30   Section        0  cos_i.o(i.__kernel_cos)
    i.__kernel_poly                          0x08002e2c   Section        0  poly.o(i.__kernel_poly)
    i.__kernel_sin                           0x08002ed8   Section        0  sin_i.o(i.__kernel_sin)
    i.__mathlib_dbl_infnan                   0x08002fc4   Section        0  dunder.o(i.__mathlib_dbl_infnan)
    i.__mathlib_dbl_infnan2                  0x08002fca   Section        0  dunder.o(i.__mathlib_dbl_infnan2)
    i.__mathlib_dbl_invalid                  0x08002fce   Section        0  dunder.o(i.__mathlib_dbl_invalid)
    i.__mathlib_dbl_underflow                0x08002fdc   Section        0  dunder.o(i.__mathlib_dbl_underflow)
    i._is_digit                              0x08002fec   Section        0  __printf_wp.o(i._is_digit)
    i._sys_exit                              0x08002ffa   Section        0  bsp_usart.o(i._sys_exit)
    i.atan                                   0x08002ffc   Section        0  atan.o(i.atan)
    i.atan2                                  0x0800321c   Section        0  atan2.o(i.atan2)
    i.cos                                    0x0800339c   Section        0  cos.o(i.cos)
    i.fputc                                  0x08003438   Section        0  bsp_usart.o(i.fputc)
    i.get_angle                              0x08003450   Section        0  usart_mpu.o(i.get_angle)
    i.main                                   0x080034f0   Section        0  stm32f10x_main.o(i.main)
    i.motor_Control_GPIO_Init                0x080035f4   Section        0  motor.o(i.motor_Control_GPIO_Init)
    i.my_abs                                 0x08003690   Section        0  motor.o(i.my_abs)
    i.sin                                    0x08003698   Section        0  sin.o(i.sin)
    i.systick_init                           0x08003738   Section        0  bsp_systick.o(i.systick_init)
    i.usart_init                             0x08003758   Section        0  bsp_usart.o(i.usart_init)
    locale$$code                             0x08003808   Section       44  lc_numeric_c.o(locale$$code)
    x$fpl$d2f                                0x08003834   Section       98  d2f.o(x$fpl$d2f)
    x$fpl$dadd                               0x08003898   Section      336  daddsub_clz.o(x$fpl$dadd)
    _dadd1                                   0x080038a9   Thumb Code     0  daddsub_clz.o(x$fpl$dadd)
    x$fpl$dcheck1                            0x080039e8   Section       16  dcheck1.o(x$fpl$dcheck1)
    x$fpl$dcmpinf                            0x080039f8   Section       24  dcmpi.o(x$fpl$dcmpinf)
    x$fpl$ddiv                               0x08003a10   Section      688  ddiv.o(x$fpl$ddiv)
    ddiv_entry                               0x08003a17   Thumb Code     0  ddiv.o(x$fpl$ddiv)
    x$fpl$dfix                               0x08003cc0   Section       94  dfix.o(x$fpl$dfix)
    x$fpl$dflt                               0x08003d1e   Section       46  dflt_clz.o(x$fpl$dflt)
    x$fpl$dfltu                              0x08003d4c   Section       38  dflt_clz.o(x$fpl$dfltu)
    x$fpl$dleqf                              0x08003d74   Section      120  dleqf.o(x$fpl$dleqf)
    x$fpl$dmul                               0x08003dec   Section      340  dmul.o(x$fpl$dmul)
    x$fpl$dnaninf                            0x08003f40   Section      156  dnaninf.o(x$fpl$dnaninf)
    x$fpl$dretinf                            0x08003fdc   Section       12  dretinf.o(x$fpl$dretinf)
    x$fpl$drleqf                             0x08003fe8   Section      108  drleqf.o(x$fpl$drleqf)
    x$fpl$drsb                               0x08004054   Section       22  daddsub_clz.o(x$fpl$drsb)
    x$fpl$dsub                               0x0800406c   Section      468  daddsub_clz.o(x$fpl$dsub)
    _dsub1                                   0x0800407d   Thumb Code     0  daddsub_clz.o(x$fpl$dsub)
    x$fpl$f2d                                0x08004240   Section       86  f2d.o(x$fpl$f2d)
    x$fpl$fadd                               0x08004298   Section      196  faddsub_clz.o(x$fpl$fadd)
    _fadd1                                   0x080042a7   Thumb Code     0  faddsub_clz.o(x$fpl$fadd)
    x$fpl$fcheck1                            0x0800435c   Section       12  fcheck1.o(x$fpl$fcheck1)
    x$fpl$ffix                               0x08004368   Section       54  ffix.o(x$fpl$ffix)
    x$fpl$fmul                               0x080043a0   Section      258  fmul.o(x$fpl$fmul)
    x$fpl$fnaninf                            0x080044a2   Section      140  fnaninf.o(x$fpl$fnaninf)
    x$fpl$fretinf                            0x0800452e   Section       10  fretinf.o(x$fpl$fretinf)
    x$fpl$frsb                               0x08004538   Section       20  faddsub_clz.o(x$fpl$frsb)
    x$fpl$fsub                               0x0800454c   Section      234  faddsub_clz.o(x$fpl$fsub)
    _fsub1                                   0x0800455b   Thumb Code     0  faddsub_clz.o(x$fpl$fsub)
    x$fpl$printf1                            0x08004636   Section        4  printf1.o(x$fpl$printf1)
    x$fpl$retnan                             0x0800463a   Section      100  retnan.o(x$fpl$retnan)
    x$fpl$scalbn                             0x0800469e   Section       92  scalbn.o(x$fpl$scalbn)
    x$fpl$scalbnf                            0x080046fa   Section       76  scalbnf.o(x$fpl$scalbnf)
    x$fpl$trapveneer                         0x08004746   Section       48  trapv.o(x$fpl$trapveneer)
    .constdata                               0x08004776   Section      128  stm32f10x_it.o(.constdata)
    x$fpl$usenofp                            0x08004776   Section        0  usenofp.o(x$fpl$usenofp)
    __func__                                 0x08004776   Data          12  stm32f10x_it.o(.constdata)
    __func__                                 0x08004782   Data          18  stm32f10x_it.o(.constdata)
    __func__                                 0x08004794   Data          18  stm32f10x_it.o(.constdata)
    __func__                                 0x080047a6   Data          17  stm32f10x_it.o(.constdata)
    __func__                                 0x080047b7   Data          19  stm32f10x_it.o(.constdata)
    __func__                                 0x080047ca   Data          12  stm32f10x_it.o(.constdata)
    __func__                                 0x080047d6   Data          17  stm32f10x_it.o(.constdata)
    __func__                                 0x080047e7   Data          15  stm32f10x_it.o(.constdata)
    .constdata                               0x080047f6   Section       17  __printf_flags_wp.o(.constdata)
    maptable                                 0x080047f6   Data          17  __printf_flags_wp.o(.constdata)
    .constdata                               0x08004808   Section      152  atan.o(.constdata)
    atanhi                                   0x08004808   Data          32  atan.o(.constdata)
    atanlo                                   0x08004828   Data          32  atan.o(.constdata)
    aTodd                                    0x08004848   Data          40  atan.o(.constdata)
    aTeven                                   0x08004870   Data          48  atan.o(.constdata)
    .constdata                               0x080048a0   Section       48  cos_i.o(.constdata)
    C                                        0x080048a0   Data          48  cos_i.o(.constdata)
    .constdata                               0x080048d0   Section        8  qnan.o(.constdata)
    .constdata                               0x080048d8   Section      200  rred.o(.constdata)
    pio2s                                    0x080048d8   Data          48  rred.o(.constdata)
    twooverpi                                0x08004908   Data         152  rred.o(.constdata)
    .constdata                               0x080049a0   Section       40  sin_i.o(.constdata)
    S                                        0x080049a0   Data          40  sin_i.o(.constdata)
    .constdata                               0x080049c8   Section      148  bigflt0.o(.constdata)
    tenpwrs_x                                0x080049c8   Data          60  bigflt0.o(.constdata)
    tenpwrs_i                                0x08004a04   Data          64  bigflt0.o(.constdata)
    locale$$data                             0x08004a7c   Section       28  lc_numeric_c.o(locale$$data)
    __lcnum_c_name                           0x08004a80   Data           2  lc_numeric_c.o(locale$$data)
    __lcnum_c_start                          0x08004a88   Data           0  lc_numeric_c.o(locale$$data)
    __lcnum_c_point                          0x08004a94   Data           0  lc_numeric_c.o(locale$$data)
    __lcnum_c_thousands                      0x08004a96   Data           0  lc_numeric_c.o(locale$$data)
    __lcnum_c_grouping                       0x08004a97   Data           0  lc_numeric_c.o(locale$$data)
    __lcnum_c_end                            0x08004a98   Data           0  lc_numeric_c.o(locale$$data)
    .data                                    0x20000000   Section       20  stm32f10x_rcc.o(.data)
    ADCPrescTable                            0x20000000   Data           4  stm32f10x_rcc.o(.data)
    APBAHBPrescTable                         0x20000004   Data          16  stm32f10x_rcc.o(.data)
    .data                                    0x20000014   Section        4  bsp_systick.o(.data)
    fac_us                                   0x20000014   Data           1  bsp_systick.o(.data)
    fac_ms                                   0x20000016   Data           2  bsp_systick.o(.data)
    .data                                    0x20000018   Section        2  bsp_usart.o(.data)
    .data                                    0x2000001c   Section        4  bsp_usart.o(.data)
    .data                                    0x20000020   Section        4  bsp_key.o(.data)
    K1_CNT                                   0x20000020   Data           1  bsp_key.o(.data)
    K2_CNT                                   0x20000021   Data           1  bsp_key.o(.data)
    K3_CNT                                   0x20000022   Data           1  bsp_key.o(.data)
    K4_CNT                                   0x20000023   Data           1  bsp_key.o(.data)
    .data                                    0x20000024   Section        8  usart_mpu.o(.data)
    .data                                    0x2000002c   Section        4  stm32f10x_main.o(.data)
    .data                                    0x20000030   Section        2  stm32f10x_it.o(.data)
    counter                                  0x20000031   Data           1  stm32f10x_it.o(.data)
    .data                                    0x20000034   Section       32  bsp_control.o(.data)
    Cycle_normalized                         0x2000003c   Data           4  bsp_control.o(.data)
    Point_normalized                         0x20000040   Data           4  bsp_control.o(.data)
    Time_step                                0x20000044   Data           4  bsp_control.o(.data)
    Cycle_normalized                         0x20000048   Data           4  bsp_control.o(.data)
    Point_normalized                         0x2000004c   Data           4  bsp_control.o(.data)
    Time_step                                0x20000050   Data           4  bsp_control.o(.data)
    .bss                                     0x20000054   Section      200  bsp_usart.o(.bss)
    .bss                                     0x2000011c   Section       47  usart_mpu.o(.bss)
    .bss                                     0x2000014b   Section       11  usart_mpu.o(.bss)
    .bss                                     0x20000158   Section       80  motor_pid.o(.bss)
    .bss                                     0x200001a8   Section       96  libspace.o(.bss)
    HEAP                                     0x20000208   Section      512  startup_stm32f10x_hd.o(HEAP)
    Heap_Mem                                 0x20000208   Data         512  startup_stm32f10x_hd.o(HEAP)
    STACK                                    0x20000408   Section     1024  startup_stm32f10x_hd.o(STACK)
    Stack_Mem                                0x20000408   Data        1024  startup_stm32f10x_hd.o(STACK)
    __initial_sp                             0x20000808   Data           0  startup_stm32f10x_hd.o(STACK)

    Global Symbols

    Symbol Name                              Value     Ov Type        Size  Object(Section)

    BuildAttributes$$THM_ISAv4$P$D$K$B$S$PE$A:L22UL41UL21$X:L11$S22US41US21$IEEE1$IW$USESV6$~STKCKD$USESV7$~SHL$OTIME$ROPI$IEEEX$EBA8$UX$STANDARDLIB$REQ8$PRES8$EABIv2 0x00000000   Number         0  anon$$obj.o ABSOLUTE
    __ARM_use_no_argv                        0x00000000   Number         0  stm32f10x_main.o ABSOLUTE
    _printf_flags                            0x00000000   Number         0  printf_stubs.o ABSOLUTE
    _printf_return_value                     0x00000000   Number         0  printf_stubs.o ABSOLUTE
    _printf_sizespec                         0x00000000   Number         0  printf_stubs.o ABSOLUTE
    _printf_widthprec                        0x00000000   Number         0  printf_stubs.o ABSOLUTE
    __ARM_exceptions_init                     - Undefined Weak Reference
    __alloca_initialize                       - Undefined Weak Reference
    __arm_preinit_                            - Undefined Weak Reference
    __cpp_initialize__aeabi_                  - Undefined Weak Reference
    __cxa_finalize                            - Undefined Weak Reference
    __sigvec_lookup                           - Undefined Weak Reference
    _atexit_init                              - Undefined Weak Reference
    _call_atexit_fns                          - Undefined Weak Reference
    _clock_init                               - Undefined Weak Reference
    _fp_trap_init                             - Undefined Weak Reference
    _fp_trap_shutdown                         - Undefined Weak Reference
    _get_lc_collate                           - Undefined Weak Reference
    _get_lc_ctype                             - Undefined Weak Reference
    _get_lc_monetary                          - Undefined Weak Reference
    _get_lc_time                              - Undefined Weak Reference
    _getenv_init                              - Undefined Weak Reference
    _handle_redirection                       - Undefined Weak Reference
    _init_alloc                               - Undefined Weak Reference
    _init_user_alloc                          - Undefined Weak Reference
    _initio                                   - Undefined Weak Reference
    _mutex_acquire                            - Undefined Weak Reference
    _mutex_release                            - Undefined Weak Reference
    _printf_mbtowc                            - Undefined Weak Reference
    _printf_post_padding                      - Undefined Weak Reference
    _printf_pre_padding                       - Undefined Weak Reference
    _printf_truncate_signed                   - Undefined Weak Reference
    _printf_truncate_unsigned                 - Undefined Weak Reference
    _rand_init                                - Undefined Weak Reference
    _signal_finish                            - Undefined Weak Reference
    _signal_init                              - Undefined Weak Reference
    _terminate_alloc                          - Undefined Weak Reference
    _terminate_user_alloc                     - Undefined Weak Reference
    _terminateio                              - Undefined Weak Reference
    __Vectors_Size                           0x00000130   Number         0  startup_stm32f10x_hd.o ABSOLUTE
    __Vectors                                0x08000000   Data           4  startup_stm32f10x_hd.o(RESET)
    __Vectors_End                            0x08000130   Data           0  startup_stm32f10x_hd.o(RESET)
    __main                                   0x08000131   Thumb Code     8  __main.o(!!!main)
    __scatterload                            0x08000139   Thumb Code     0  __scatter.o(!!!scatter)
    __scatterload_rt2                        0x08000139   Thumb Code    44  __scatter.o(!!!scatter)
    __scatterload_rt2_thumb_only             0x08000139   Thumb Code     0  __scatter.o(!!!scatter)
    __scatterload_null                       0x08000147   Thumb Code     0  __scatter.o(!!!scatter)
    __scatterload_copy                       0x0800016d   Thumb Code    26  __scatter_copy.o(!!handler_copy)
    __scatterload_zeroinit                   0x08000189   Thumb Code    28  __scatter_zi.o(!!handler_zi)
    _printf_f                                0x080001a5   Thumb Code     0  _printf_f.o(.ARM.Collect$$_printf_percent$$00000003)
    _printf_percent                          0x080001a5   Thumb Code     0  _printf_percent.o(.ARM.Collect$$_printf_percent$$00000000)
    _printf_d                                0x080001ab   Thumb Code     0  _printf_d.o(.ARM.Collect$$_printf_percent$$00000009)
    _printf_s                                0x080001b1   Thumb Code     0  _printf_s.o(.ARM.Collect$$_printf_percent$$00000014)
    _printf_percent_end                      0x080001b7   Thumb Code     0  _printf_percent_end.o(.ARM.Collect$$_printf_percent$$00000017)
    __rt_lib_init                            0x080001bb   Thumb Code     0  libinit.o(.ARM.Collect$$libinit$$00000000)
    __rt_lib_init_fp_1                       0x080001bd   Thumb Code     0  libinit2.o(.ARM.Collect$$libinit$$00000002)
    __rt_lib_init_heap_1                     0x080001bd   Thumb Code     0  libinit2.o(.ARM.Collect$$libinit$$0000000A)
    __rt_lib_init_lc_common                  0x080001bd   Thumb Code     0  libinit2.o(.ARM.Collect$$libinit$$0000000F)
    __rt_lib_init_preinit_1                  0x080001bd   Thumb Code     0  libinit2.o(.ARM.Collect$$libinit$$00000004)
    __rt_lib_init_rand_1                     0x080001bd   Thumb Code     0  libinit2.o(.ARM.Collect$$libinit$$0000000E)
    __rt_lib_init_user_alloc_1               0x080001bd   Thumb Code     0  libinit2.o(.ARM.Collect$$libinit$$0000000C)
    __rt_lib_init_lc_collate_1               0x080001c3   Thumb Code     0  libinit2.o(.ARM.Collect$$libinit$$00000011)
    __rt_lib_init_lc_ctype_1                 0x080001c3   Thumb Code     0  libinit2.o(.ARM.Collect$$libinit$$00000013)
    __rt_lib_init_lc_monetary_1              0x080001c3   Thumb Code     0  libinit2.o(.ARM.Collect$$libinit$$00000015)
    __rt_lib_init_lc_numeric_2               0x080001c3   Thumb Code     0  libinit2.o(.ARM.Collect$$libinit$$00000016)
    __rt_lib_init_alloca_1                   0x080001cd   Thumb Code     0  libinit2.o(.ARM.Collect$$libinit$$0000002E)
    __rt_lib_init_argv_1                     0x080001cd   Thumb Code     0  libinit2.o(.ARM.Collect$$libinit$$0000002C)
    __rt_lib_init_atexit_1                   0x080001cd   Thumb Code     0  libinit2.o(.ARM.Collect$$libinit$$0000001B)
    __rt_lib_init_clock_1                    0x080001cd   Thumb Code     0  libinit2.o(.ARM.Collect$$libinit$$00000021)
    __rt_lib_init_cpp_1                      0x080001cd   Thumb Code     0  libinit2.o(.ARM.Collect$$libinit$$00000032)
    __rt_lib_init_exceptions_1               0x080001cd   Thumb Code     0  libinit2.o(.ARM.Collect$$libinit$$00000030)
    __rt_lib_init_fp_trap_1                  0x080001cd   Thumb Code     0  libinit2.o(.ARM.Collect$$libinit$$0000001F)
    __rt_lib_init_getenv_1                   0x080001cd   Thumb Code     0  libinit2.o(.ARM.Collect$$libinit$$00000023)
    __rt_lib_init_lc_numeric_1               0x080001cd   Thumb Code     0  libinit2.o(.ARM.Collect$$libinit$$00000017)
    __rt_lib_init_lc_time_1                  0x080001cd   Thumb Code     0  libinit2.o(.ARM.Collect$$libinit$$00000019)
    __rt_lib_init_return                     0x080001cd   Thumb Code     0  libinit2.o(.ARM.Collect$$libinit$$00000033)
    __rt_lib_init_signal_1                   0x080001cd   Thumb Code     0  libinit2.o(.ARM.Collect$$libinit$$0000001D)
    __rt_lib_init_stdio_1                    0x080001cd   Thumb Code     0  libinit2.o(.ARM.Collect$$libinit$$00000025)
    __rt_lib_shutdown                        0x080001cf   Thumb Code     0  libshutdown.o(.ARM.Collect$$libshutdown$$00000000)
    __rt_lib_shutdown_fp_trap_1              0x080001d1   Thumb Code     0  libshutdown2.o(.ARM.Collect$$libshutdown$$00000006)
    __rt_lib_shutdown_heap_1                 0x080001d1   Thumb Code     0  libshutdown2.o(.ARM.Collect$$libshutdown$$0000000E)
    __rt_lib_shutdown_return                 0x080001d1   Thumb Code     0  libshutdown2.o(.ARM.Collect$$libshutdown$$0000000F)
    __rt_lib_shutdown_signal_1               0x080001d1   Thumb Code     0  libshutdown2.o(.ARM.Collect$$libshutdown$$00000009)
    __rt_lib_shutdown_stdio_1                0x080001d1   Thumb Code     0  libshutdown2.o(.ARM.Collect$$libshutdown$$00000003)
    __rt_lib_shutdown_user_alloc_1           0x080001d1   Thumb Code     0  libshutdown2.o(.ARM.Collect$$libshutdown$$0000000B)
    __rt_entry                               0x080001d3   Thumb Code     0  __rtentry.o(.ARM.Collect$$rtentry$$00000000)
    __rt_entry_presh_1                       0x080001d3   Thumb Code     0  __rtentry2.o(.ARM.Collect$$rtentry$$00000002)
    __rt_entry_sh                            0x080001d3   Thumb Code     0  __rtentry4.o(.ARM.Collect$$rtentry$$00000004)
    __rt_entry_li                            0x080001d9   Thumb Code     0  __rtentry2.o(.ARM.Collect$$rtentry$$0000000A)
    __rt_entry_postsh_1                      0x080001d9   Thumb Code     0  __rtentry2.o(.ARM.Collect$$rtentry$$00000009)
    __rt_entry_main                          0x080001dd   Thumb Code     0  __rtentry2.o(.ARM.Collect$$rtentry$$0000000D)
    __rt_entry_postli_1                      0x080001dd   Thumb Code     0  __rtentry2.o(.ARM.Collect$$rtentry$$0000000C)
    __rt_exit                                0x080001e5   Thumb Code     0  rtexit.o(.ARM.Collect$$rtexit$$00000000)
    __rt_exit_ls                             0x080001e7   Thumb Code     0  rtexit2.o(.ARM.Collect$$rtexit$$00000003)
    __rt_exit_prels_1                        0x080001e7   Thumb Code     0  rtexit2.o(.ARM.Collect$$rtexit$$00000002)
    __rt_exit_exit                           0x080001eb   Thumb Code     0  rtexit2.o(.ARM.Collect$$rtexit$$00000004)
    Reset_Handler                            0x080001f1   Thumb Code     8  startup_stm32f10x_hd.o(.text)
    ADC1_2_IRQHandler                        0x0800020b   Thumb Code     0  startup_stm32f10x_hd.o(.text)
    ADC3_IRQHandler                          0x0800020b   Thumb Code     0  startup_stm32f10x_hd.o(.text)
    CAN1_RX1_IRQHandler                      0x0800020b   Thumb Code     0  startup_stm32f10x_hd.o(.text)
    CAN1_SCE_IRQHandler                      0x0800020b   Thumb Code     0  startup_stm32f10x_hd.o(.text)
    DMA1_Channel1_IRQHandler                 0x0800020b   Thumb Code     0  startup_stm32f10x_hd.o(.text)
    DMA1_Channel2_IRQHandler                 0x0800020b   Thumb Code     0  startup_stm32f10x_hd.o(.text)
    DMA1_Channel3_IRQHandler                 0x0800020b   Thumb Code     0  startup_stm32f10x_hd.o(.text)
    DMA1_Channel4_IRQHandler                 0x0800020b   Thumb Code     0  startup_stm32f10x_hd.o(.text)
    DMA1_Channel5_IRQHandler                 0x0800020b   Thumb Code     0  startup_stm32f10x_hd.o(.text)
    DMA1_Channel6_IRQHandler                 0x0800020b   Thumb Code     0  startup_stm32f10x_hd.o(.text)
    DMA1_Channel7_IRQHandler                 0x0800020b   Thumb Code     0  startup_stm32f10x_hd.o(.text)
    DMA2_Channel1_IRQHandler                 0x0800020b   Thumb Code     0  startup_stm32f10x_hd.o(.text)
    DMA2_Channel2_IRQHandler                 0x0800020b   Thumb Code     0  startup_stm32f10x_hd.o(.text)
    DMA2_Channel3_IRQHandler                 0x0800020b   Thumb Code     0  startup_stm32f10x_hd.o(.text)
    DMA2_Channel4_5_IRQHandler               0x0800020b   Thumb Code     0  startup_stm32f10x_hd.o(.text)
    EXTI0_IRQHandler                         0x0800020b   Thumb Code     0  startup_stm32f10x_hd.o(.text)
    EXTI15_10_IRQHandler                     0x0800020b   Thumb Code     0  startup_stm32f10x_hd.o(.text)
    EXTI1_IRQHandler                         0x0800020b   Thumb Code     0  startup_stm32f10x_hd.o(.text)
    EXTI2_IRQHandler                         0x0800020b   Thumb Code     0  startup_stm32f10x_hd.o(.text)
    EXTI3_IRQHandler                         0x0800020b   Thumb Code     0  startup_stm32f10x_hd.o(.text)
    EXTI4_IRQHandler                         0x0800020b   Thumb Code     0  startup_stm32f10x_hd.o(.text)
    EXTI9_5_IRQHandler                       0x0800020b   Thumb Code     0  startup_stm32f10x_hd.o(.text)
    FLASH_IRQHandler                         0x0800020b   Thumb Code     0  startup_stm32f10x_hd.o(.text)
    FSMC_IRQHandler                          0x0800020b   Thumb Code     0  startup_stm32f10x_hd.o(.text)
    I2C1_ER_IRQHandler                       0x0800020b   Thumb Code     0  startup_stm32f10x_hd.o(.text)
    I2C1_EV_IRQHandler                       0x0800020b   Thumb Code     0  startup_stm32f10x_hd.o(.text)
    I2C2_ER_IRQHandler                       0x0800020b   Thumb Code     0  startup_stm32f10x_hd.o(.text)
    I2C2_EV_IRQHandler                       0x0800020b   Thumb Code     0  startup_stm32f10x_hd.o(.text)
    PVD_IRQHandler                           0x0800020b   Thumb Code     0  startup_stm32f10x_hd.o(.text)
    RCC_IRQHandler                           0x0800020b   Thumb Code     0  startup_stm32f10x_hd.o(.text)
    RTCAlarm_IRQHandler                      0x0800020b   Thumb Code     0  startup_stm32f10x_hd.o(.text)
    RTC_IRQHandler                           0x0800020b   Thumb Code     0  startup_stm32f10x_hd.o(.text)
    SDIO_IRQHandler                          0x0800020b   Thumb Code     0  startup_stm32f10x_hd.o(.text)
    SPI1_IRQHandler                          0x0800020b   Thumb Code     0  startup_stm32f10x_hd.o(.text)
    SPI2_IRQHandler                          0x0800020b   Thumb Code     0  startup_stm32f10x_hd.o(.text)
    SPI3_IRQHandler                          0x0800020b   Thumb Code     0  startup_stm32f10x_hd.o(.text)
    TAMPER_IRQHandler                        0x0800020b   Thumb Code     0  startup_stm32f10x_hd.o(.text)
    TIM1_BRK_IRQHandler                      0x0800020b   Thumb Code     0  startup_stm32f10x_hd.o(.text)
    TIM1_CC_IRQHandler                       0x0800020b   Thumb Code     0  startup_stm32f10x_hd.o(.text)
    TIM1_TRG_COM_IRQHandler                  0x0800020b   Thumb Code     0  startup_stm32f10x_hd.o(.text)
    TIM1_UP_IRQHandler                       0x0800020b   Thumb Code     0  startup_stm32f10x_hd.o(.text)
    TIM2_IRQHandler                          0x0800020b   Thumb Code     0  startup_stm32f10x_hd.o(.text)
    TIM3_IRQHandler                          0x0800020b   Thumb Code     0  startup_stm32f10x_hd.o(.text)
    TIM4_IRQHandler                          0x0800020b   Thumb Code     0  startup_stm32f10x_hd.o(.text)
    TIM5_IRQHandler                          0x0800020b   Thumb Code     0  startup_stm32f10x_hd.o(.text)
    TIM6_IRQHandler                          0x0800020b   Thumb Code     0  startup_stm32f10x_hd.o(.text)
    TIM8_BRK_IRQHandler                      0x0800020b   Thumb Code     0  startup_stm32f10x_hd.o(.text)
    TIM8_CC_IRQHandler                       0x0800020b   Thumb Code     0  startup_stm32f10x_hd.o(.text)
    TIM8_TRG_COM_IRQHandler                  0x0800020b   Thumb Code     0  startup_stm32f10x_hd.o(.text)
    TIM8_UP_IRQHandler                       0x0800020b   Thumb Code     0  startup_stm32f10x_hd.o(.text)
    UART4_IRQHandler                         0x0800020b   Thumb Code     0  startup_stm32f10x_hd.o(.text)
    UART5_IRQHandler                         0x0800020b   Thumb Code     0  startup_stm32f10x_hd.o(.text)
    USART3_IRQHandler                        0x0800020b   Thumb Code     0  startup_stm32f10x_hd.o(.text)
    USBWakeUp_IRQHandler                     0x0800020b   Thumb Code     0  startup_stm32f10x_hd.o(.text)
    USB_HP_CAN1_TX_IRQHandler                0x0800020b   Thumb Code     0  startup_stm32f10x_hd.o(.text)
    USB_LP_CAN1_RX0_IRQHandler               0x0800020b   Thumb Code     0  startup_stm32f10x_hd.o(.text)
    WWDG_IRQHandler                          0x0800020b   Thumb Code     0  startup_stm32f10x_hd.o(.text)
    __user_initial_stackheap                 0x0800020d   Thumb Code     0  startup_stm32f10x_hd.o(.text)
    __use_no_semihosting                     0x08000231   Thumb Code     2  use_no_semi_2.o(.text)
    __2printf                                0x08000235   Thumb Code    20  noretval__2printf.o(.text)
    _printf_str                              0x0800024d   Thumb Code    82  _printf_str.o(.text)
    _printf_int_dec                          0x080002a1   Thumb Code   104  _printf_dec.o(.text)
    __printf                                 0x08000319   Thumb Code   308  __printf_flags_wp.o(.text)
    __use_two_region_memory                  0x08000451   Thumb Code     2  heapauxi.o(.text)
    __rt_heap_escrow$2region                 0x08000453   Thumb Code     2  heapauxi.o(.text)
    __rt_heap_expand$2region                 0x08000455   Thumb Code     2  heapauxi.o(.text)
    __I$use$semihosting                      0x08000457   Thumb Code     0  use_no_semi.o(.text)
    __use_no_semihosting_swi                 0x08000457   Thumb Code     2  use_no_semi.o(.text)
    __read_errno                             0x08000459   Thumb Code    10  _rserrno.o(.text)
    __set_errno                              0x08000463   Thumb Code    12  _rserrno.o(.text)
    _printf_int_common                       0x0800046f   Thumb Code   178  _printf_intcommon.o(.text)
    __lib_sel_fp_printf                      0x08000521   Thumb Code     2  _printf_fp_dec.o(.text)
    _printf_fp_dec_real                      0x080006cf   Thumb Code   620  _printf_fp_dec.o(.text)
    _printf_char_common                      0x08000947   Thumb Code    32  _printf_char_common.o(.text)
    _printf_cs_common                        0x0800096d   Thumb Code    20  _printf_char.o(.text)
    _printf_char                             0x08000981   Thumb Code    16  _printf_char.o(.text)
    _printf_string                           0x08000991   Thumb Code     8  _printf_char.o(.text)
    _printf_char_file                        0x08000999   Thumb Code    32  _printf_char_file.o(.text)
    __rt_locale                              0x080009bd   Thumb Code     8  rt_locale_intlibspace.o(.text)
    __aeabi_errno_addr                       0x080009c5   Thumb Code     8  rt_errno_addr_intlibspace.o(.text)
    __errno$intlibspace                      0x080009c5   Thumb Code     0  rt_errno_addr_intlibspace.o(.text)
    __rt_errno_addr$intlibspace              0x080009c5   Thumb Code     0  rt_errno_addr_intlibspace.o(.text)
    _ll_udiv10                               0x080009cd   Thumb Code   138  lludiv10.o(.text)
    _printf_fp_infnan                        0x08000a59   Thumb Code   112  _printf_fp_infnan.o(.text)
    _btod_etento                             0x08000ad9   Thumb Code   216  bigflt0.o(.text)
    ferror                                   0x08000bb5   Thumb Code     8  ferror.o(.text)
    __user_libspace                          0x08000bbd   Thumb Code     8  libspace.o(.text)
    __user_perproc_libspace                  0x08000bbd   Thumb Code     0  libspace.o(.text)
    __user_perthread_libspace                0x08000bbd   Thumb Code     0  libspace.o(.text)
    __user_setup_stackheap                   0x08000bc5   Thumb Code    74  sys_stackheap_outer.o(.text)
    exit                                     0x08000c0f   Thumb Code    12  exit.o(.text)
    strcmp                                   0x08000c1d   Thumb Code   128  strcmpv7m.o(.text)
    _btod_d2e                                0x08000c9d   Thumb Code    62  btod.o(CL$$btod_d2e)
    _d2e_denorm_low                          0x08000cdb   Thumb Code    70  btod.o(CL$$btod_d2e_denorm_low)
    _d2e_norm_op1                            0x08000d21   Thumb Code    96  btod.o(CL$$btod_d2e_norm_op1)
    __btod_div_common                        0x08000d81   Thumb Code   696  btod.o(CL$$btod_div_common)
    _e2e                                     0x080010b9   Thumb Code   198  btod.o(CL$$btod_e2e)
    _btod_ediv                               0x0800117f   Thumb Code    40  btod.o(CL$$btod_ediv)
    _btod_emul                               0x080011a7   Thumb Code    40  btod.o(CL$$btod_emul)
    __btod_mult_common                       0x080011cf   Thumb Code   580  btod.o(CL$$btod_mult_common)
    Base_Tim_Init                            0x08001415   Thumb Code    90  bsp_basetim.o(i.Base_Tim_Init)
    BusFault_Handler                         0x08001475   Thumb Code    12  stm32f10x_it.o(i.BusFault_Handler)
    DebugMon_Handler                         0x08001491   Thumb Code    10  stm32f10x_it.o(i.DebugMon_Handler)
    GPIO_Init                                0x080014ad   Thumb Code   156  stm32f10x_gpio.o(i.GPIO_Init)
    GPIO_ReadInputDataBit                    0x08001549   Thumb Code    14  stm32f10x_gpio.o(i.GPIO_ReadInputDataBit)
    HardFault_Handler                        0x08001559   Thumb Code    12  stm32f10x_it.o(i.HardFault_Handler)
    Key_GPIO_Init                            0x08001575   Thumb Code    88  bsp_key.o(i.Key_GPIO_Init)
    Key_Scan                                 0x080015d1   Thumb Code   206  bsp_key.o(i.Key_Scan)
    MemManage_Handler                        0x080016a9   Thumb Code    12  stm32f10x_it.o(i.MemManage_Handler)
    Mode0                                    0x080016c5   Thumb Code     2  bsp_control.o(i.Mode0)
    Mode1                                    0x080016c9   Thumb Code   370  bsp_control.o(i.Mode1)
    Mode2                                    0x08001869   Thumb Code   182  bsp_control.o(i.Mode2)
    Mode3                                    0x08001941   Thumb Code   266  bsp_control.o(i.Mode3)
    Motor_Init                               0x08001a71   Thumb Code    18  motor.o(i.Motor_Init)
    NMI_Handler                              0x08001a85   Thumb Code    10  stm32f10x_it.o(i.NMI_Handler)
    NVIC_Init                                0x08001aa1   Thumb Code    94  misc.o(i.NVIC_Init)
    NVIC_PriorityGroupConfig                 0x08001b05   Thumb Code    10  misc.o(i.NVIC_PriorityGroupConfig)
    PID_M1_Init                              0x08001b19   Thumb Code    22  motor_pid.o(i.PID_M1_Init)
    PID_M1_PosLocCalc                        0x08001b35   Thumb Code   150  motor_pid.o(i.PID_M1_PosLocCalc)
    PID_M1_SetKd                             0x08001bd9   Thumb Code     6  motor_pid.o(i.PID_M1_SetKd)
    PID_M1_SetKi                             0x08001be5   Thumb Code     6  motor_pid.o(i.PID_M1_SetKi)
    PID_M1_SetKp                             0x08001bf1   Thumb Code     6  motor_pid.o(i.PID_M1_SetKp)
    PID_M1_SetPoint                          0x08001bfd   Thumb Code     6  motor_pid.o(i.PID_M1_SetPoint)
    PID_M2_Init                              0x08001c09   Thumb Code    22  motor_pid.o(i.PID_M2_Init)
    PID_M2_PosLocCalc                        0x08001c25   Thumb Code   150  motor_pid.o(i.PID_M2_PosLocCalc)
    PID_M2_SetKd                             0x08001cc9   Thumb Code     6  motor_pid.o(i.PID_M2_SetKd)
    PID_M2_SetKi                             0x08001cd5   Thumb Code     6  motor_pid.o(i.PID_M2_SetKi)
    PID_M2_SetKp                             0x08001ce1   Thumb Code     6  motor_pid.o(i.PID_M2_SetKp)
    PID_M2_SetPoint                          0x08001ced   Thumb Code     6  motor_pid.o(i.PID_M2_SetPoint)
    PendSV_Handler                           0x08001cf9   Thumb Code    10  stm32f10x_it.o(i.PendSV_Handler)
    RCC_APB1PeriphClockCmd                   0x08001d15   Thumb Code    18  stm32f10x_rcc.o(i.RCC_APB1PeriphClockCmd)
    RCC_APB2PeriphClockCmd                   0x08001d2d   Thumb Code    18  stm32f10x_rcc.o(i.RCC_APB2PeriphClockCmd)
    RCC_GetClocksFreq                        0x08001d45   Thumb Code   132  stm32f10x_rcc.o(i.RCC_GetClocksFreq)
    SVC_Handler                              0x08001dd9   Thumb Code    10  stm32f10x_it.o(i.SVC_Handler)
    Set_MotorX_PWM                           0x08001e9d   Thumb Code    14  motor.o(i.Set_MotorX_PWM)
    Set_MotorY_PWM                           0x08001eab   Thumb Code    14  motor.o(i.Set_MotorY_PWM)
    Set_X_Negative_PWM                       0x08001eb9   Thumb Code    34  motor.o(i.Set_X_Negative_PWM)
    Set_X_Positive_PWM                       0x08001ee5   Thumb Code    34  motor.o(i.Set_X_Positive_PWM)
    Set_Y_Negative_PWM                       0x08001f11   Thumb Code    34  motor.o(i.Set_Y_Negative_PWM)
    Set_Y_Positive_PWM                       0x08001f41   Thumb Code    34  motor.o(i.Set_Y_Positive_PWM)
    Set_motor1_Stop                          0x08001f71   Thumb Code    64  motor.o(i.Set_motor1_Stop)
    SysTick_Handler                          0x08001fc1   Thumb Code     2  stm32f10x_it.o(i.SysTick_Handler)
    SystemInit                               0x08001fc5   Thumb Code    64  system_stm32f10x.o(i.SystemInit)
    TIM7_IRQHandler                          0x08002015   Thumb Code   240  stm32f10x_it.o(i.TIM7_IRQHandler)
    TIM_ARRPreloadConfig                     0x08002141   Thumb Code    20  stm32f10x_tim.o(i.TIM_ARRPreloadConfig)
    TIM_ClearFlag                            0x08002155   Thumb Code     6  stm32f10x_tim.o(i.TIM_ClearFlag)
    TIM_Cmd                                  0x0800215b   Thumb Code    20  stm32f10x_tim.o(i.TIM_Cmd)
    TIM_GetITStatus                          0x0800216f   Thumb Code    24  stm32f10x_tim.o(i.TIM_GetITStatus)
    TIM_ITConfig                             0x08002187   Thumb Code    16  stm32f10x_tim.o(i.TIM_ITConfig)
    TIM_OC1Init                              0x08002199   Thumb Code   106  stm32f10x_tim.o(i.TIM_OC1Init)
    TIM_OC1PreloadConfig                     0x08002219   Thumb Code    12  stm32f10x_tim.o(i.TIM_OC1PreloadConfig)
    TIM_OC2Init                              0x08002225   Thumb Code   120  stm32f10x_tim.o(i.TIM_OC2Init)
    TIM_OC2PreloadConfig                     0x080022a5   Thumb Code    20  stm32f10x_tim.o(i.TIM_OC2PreloadConfig)
    TIM_OC3Init                              0x080022b9   Thumb Code   116  stm32f10x_tim.o(i.TIM_OC3Init)
    TIM_OC3PreloadConfig                     0x08002335   Thumb Code    12  stm32f10x_tim.o(i.TIM_OC3PreloadConfig)
    TIM_OC4Init                              0x08002341   Thumb Code    90  stm32f10x_tim.o(i.TIM_OC4Init)
    TIM_OC4PreloadConfig                     0x080023a5   Thumb Code    20  stm32f10x_tim.o(i.TIM_OC4PreloadConfig)
    TIM_TimeBaseInit                         0x080023b9   Thumb Code   114  stm32f10x_tim.o(i.TIM_TimeBaseInit)
    TIMx_PWM_Init                            0x080024fd   Thumb Code    98  bsp_pwm_output.o(i.TIMx_PWM_Init)
    USART1_IRQHandler                        0x08002569   Thumb Code    88  bsp_usart.o(i.USART1_IRQHandler)
    USART2_IRQHandler                        0x080025cd   Thumb Code   132  stm32f10x_it.o(i.USART2_IRQHandler)
    USART3_Config                            0x0800268d   Thumb Code   162  bsp_usart_hmi.o(i.USART3_Config)
    USART_Cmd                                0x08002739   Thumb Code    20  stm32f10x_usart.o(i.USART_Cmd)
    USART_Config                             0x0800274d   Thumb Code   156  bsp_usart2.o(i.USART_Config)
    USART_GetFlagStatus                      0x080027f1   Thumb Code    14  stm32f10x_usart.o(i.USART_GetFlagStatus)
    USART_GetITStatus                        0x080027ff   Thumb Code    62  stm32f10x_usart.o(i.USART_GetITStatus)
    USART_ITConfig                           0x0800283d   Thumb Code    48  stm32f10x_usart.o(i.USART_ITConfig)
    USART_Init                               0x0800286d   Thumb Code   166  stm32f10x_usart.o(i.USART_Init)
    USART_ReceiveData                        0x08002919   Thumb Code     8  stm32f10x_usart.o(i.USART_ReceiveData)
    USART_SendData                           0x08002921   Thumb Code     8  stm32f10x_usart.o(i.USART_SendData)
    UsageFault_Handler                       0x08002929   Thumb Code    12  stm32f10x_it.o(i.UsageFault_Handler)
    Usart_SendByte                           0x08002945   Thumb Code    22  bsp_usart2.o(i.Usart_SendByte)
    Usart_SendString                         0x0800295b   Thumb Code    38  bsp_usart2.o(i.Usart_SendString)
    __ARM_fpclassify                         0x08002981   Thumb Code    40  fpclassify.o(i.__ARM_fpclassify)
    __ieee754_rem_pio2                       0x080029a9   Thumb Code   828  rred.o(i.__ieee754_rem_pio2)
    __kernel_cos                             0x08002d31   Thumb Code   230  cos_i.o(i.__kernel_cos)
    __kernel_poly                            0x08002e2d   Thumb Code   170  poly.o(i.__kernel_poly)
    __kernel_sin                             0x08002ed9   Thumb Code   224  sin_i.o(i.__kernel_sin)
    __mathlib_dbl_infnan                     0x08002fc5   Thumb Code     6  dunder.o(i.__mathlib_dbl_infnan)
    __mathlib_dbl_infnan2                    0x08002fcb   Thumb Code     4  dunder.o(i.__mathlib_dbl_infnan2)
    __mathlib_dbl_invalid                    0x08002fcf   Thumb Code    12  dunder.o(i.__mathlib_dbl_invalid)
    __mathlib_dbl_underflow                  0x08002fdd   Thumb Code    10  dunder.o(i.__mathlib_dbl_underflow)
    _is_digit                                0x08002fed   Thumb Code    14  __printf_wp.o(i._is_digit)
    _sys_exit                                0x08002ffb   Thumb Code     2  bsp_usart.o(i._sys_exit)
    atan                                     0x08002ffd   Thumb Code   474  atan.o(i.atan)
    atan2                                    0x0800321d   Thumb Code   346  atan2.o(i.atan2)
    cos                                      0x0800339d   Thumb Code   148  cos.o(i.cos)
    fputc                                    0x08003439   Thumb Code    18  bsp_usart.o(i.fputc)
    get_angle                                0x08003451   Thumb Code   140  usart_mpu.o(i.get_angle)
    main                                     0x080034f1   Thumb Code   220  stm32f10x_main.o(i.main)
    motor_Control_GPIO_Init                  0x080035f5   Thumb Code   144  motor.o(i.motor_Control_GPIO_Init)
    my_abs                                   0x08003691   Thumb Code     8  motor.o(i.my_abs)
    sin                                      0x08003699   Thumb Code   150  sin.o(i.sin)
    systick_init                             0x08003739   Thumb Code    26  bsp_systick.o(i.systick_init)
    usart_init                               0x08003759   Thumb Code   168  bsp_usart.o(i.usart_init)
    _get_lc_numeric                          0x08003809   Thumb Code    44  lc_numeric_c.o(locale$$code)
    __aeabi_d2f                              0x08003835   Thumb Code     0  d2f.o(x$fpl$d2f)
    _d2f                                     0x08003835   Thumb Code    98  d2f.o(x$fpl$d2f)
    __aeabi_dadd                             0x08003899   Thumb Code     0  daddsub_clz.o(x$fpl$dadd)
    _dadd                                    0x08003899   Thumb Code   332  daddsub_clz.o(x$fpl$dadd)
    __fpl_dcheck_NaN1                        0x080039e9   Thumb Code    10  dcheck1.o(x$fpl$dcheck1)
    __fpl_dcmp_Inf                           0x080039f9   Thumb Code    24  dcmpi.o(x$fpl$dcmpinf)
    __aeabi_ddiv                             0x08003a11   Thumb Code     0  ddiv.o(x$fpl$ddiv)
    _ddiv                                    0x08003a11   Thumb Code   552  ddiv.o(x$fpl$ddiv)
    __aeabi_d2iz                             0x08003cc1   Thumb Code     0  dfix.o(x$fpl$dfix)
    _dfix                                    0x08003cc1   Thumb Code    94  dfix.o(x$fpl$dfix)
    __aeabi_i2d                              0x08003d1f   Thumb Code     0  dflt_clz.o(x$fpl$dflt)
    _dflt                                    0x08003d1f   Thumb Code    46  dflt_clz.o(x$fpl$dflt)
    __aeabi_ui2d                             0x08003d4d   Thumb Code     0  dflt_clz.o(x$fpl$dfltu)
    _dfltu                                   0x08003d4d   Thumb Code    38  dflt_clz.o(x$fpl$dfltu)
    __aeabi_cdcmple                          0x08003d75   Thumb Code     0  dleqf.o(x$fpl$dleqf)
    _dcmple                                  0x08003d75   Thumb Code   120  dleqf.o(x$fpl$dleqf)
    __fpl_dcmple_InfNaN                      0x08003dd7   Thumb Code     0  dleqf.o(x$fpl$dleqf)
    __aeabi_dmul                             0x08003ded   Thumb Code     0  dmul.o(x$fpl$dmul)
    _dmul                                    0x08003ded   Thumb Code   332  dmul.o(x$fpl$dmul)
    __fpl_dnaninf                            0x08003f41   Thumb Code   156  dnaninf.o(x$fpl$dnaninf)
    __fpl_dretinf                            0x08003fdd   Thumb Code    12  dretinf.o(x$fpl$dretinf)
    __aeabi_cdrcmple                         0x08003fe9   Thumb Code     0  drleqf.o(x$fpl$drleqf)
    _drcmple                                 0x08003fe9   Thumb Code   108  drleqf.o(x$fpl$drleqf)
    __aeabi_drsub                            0x08004055   Thumb Code     0  daddsub_clz.o(x$fpl$drsb)
    _drsb                                    0x08004055   Thumb Code    22  daddsub_clz.o(x$fpl$drsb)
    __aeabi_dsub                             0x0800406d   Thumb Code     0  daddsub_clz.o(x$fpl$dsub)
    _dsub                                    0x0800406d   Thumb Code   464  daddsub_clz.o(x$fpl$dsub)
    __aeabi_f2d                              0x08004241   Thumb Code     0  f2d.o(x$fpl$f2d)
    _f2d                                     0x08004241   Thumb Code    86  f2d.o(x$fpl$f2d)
    __aeabi_fadd                             0x08004299   Thumb Code     0  faddsub_clz.o(x$fpl$fadd)
    _fadd                                    0x08004299   Thumb Code   196  faddsub_clz.o(x$fpl$fadd)
    __fpl_fcheck_NaN1                        0x0800435d   Thumb Code     6  fcheck1.o(x$fpl$fcheck1)
    __aeabi_f2iz                             0x08004369   Thumb Code     0  ffix.o(x$fpl$ffix)
    _ffix                                    0x08004369   Thumb Code    54  ffix.o(x$fpl$ffix)
    __aeabi_fmul                             0x080043a1   Thumb Code     0  fmul.o(x$fpl$fmul)
    _fmul                                    0x080043a1   Thumb Code   258  fmul.o(x$fpl$fmul)
    __fpl_fnaninf                            0x080044a3   Thumb Code   140  fnaninf.o(x$fpl$fnaninf)
    __fpl_fretinf                            0x0800452f   Thumb Code    10  fretinf.o(x$fpl$fretinf)
    __aeabi_frsub                            0x08004539   Thumb Code     0  faddsub_clz.o(x$fpl$frsb)
    _frsb                                    0x08004539   Thumb Code    20  faddsub_clz.o(x$fpl$frsb)
    __aeabi_fsub                             0x0800454d   Thumb Code     0  faddsub_clz.o(x$fpl$fsub)
    _fsub                                    0x0800454d   Thumb Code   234  faddsub_clz.o(x$fpl$fsub)
    _printf_fp_dec                           0x08004637   Thumb Code     4  printf1.o(x$fpl$printf1)
    __fpl_return_NaN                         0x0800463b   Thumb Code   100  retnan.o(x$fpl$retnan)
    __ARM_scalbn                             0x0800469f   Thumb Code    92  scalbn.o(x$fpl$scalbn)
    __ARM_scalbnf                            0x080046fb   Thumb Code    76  scalbnf.o(x$fpl$scalbnf)
    __fpl_cmpreturn                          0x08004747   Thumb Code    48  trapv.o(x$fpl$trapveneer)
    __I$use$fp                               0x08004776   Number         0  usenofp.o(x$fpl$usenofp)
    __mathlib_zero                           0x080048d0   Data           8  qnan.o(.constdata)
    Region$$Table$$Base                      0x08004a5c   Number         0  anon$$obj.o(Region$$Table)
    Region$$Table$$Limit                     0x08004a7c   Number         0  anon$$obj.o(Region$$Table)
    USART_RX_STA                             0x20000018   Data           2  bsp_usart.o(.data)
    __stdout                                 0x2000001c   Data           4  bsp_usart.o(.data)
    updata_flag                              0x20000024   Data           1  usart_mpu.o(.data)
    Temperature                              0x20000028   Data           4  usart_mpu.o(.data)
    HMI_END_FLAG                             0x2000002c   Data           4  stm32f10x_main.o(.data)
    Current_Mode                             0x20000030   Data           1  stm32f10x_it.o(.data)
    R                                        0x20000034   Data           1  bsp_control.o(.data)
    radius_of_circle                         0x20000035   Data           1  bsp_control.o(.data)
    Offset_rotation                          0x20000038   Data           4  bsp_control.o(.data)
    USART_RX_BUF                             0x20000054   Data         200  bsp_usart.o(.bss)
    Acc                                      0x2000011c   Data          12  usart_mpu.o(.bss)
    Gyro                                     0x20000128   Data          12  usart_mpu.o(.bss)
    Angle                                    0x20000134   Data          12  usart_mpu.o(.bss)
    Re_buf                                   0x20000140   Data          11  usart_mpu.o(.bss)
    Re_temp                                  0x2000014b   Data          11  usart_mpu.o(.bss)
    M1PID                                    0x20000158   Data          40  motor_pid.o(.bss)
    M2PID                                    0x20000180   Data          40  motor_pid.o(.bss)
    __libspace_start                         0x200001a8   Data          96  libspace.o(.bss)
    __temporary_stack_top$libspace           0x20000208   Data           0  libspace.o(.bss)



==============================================================================

Memory Map of the image

  Image Entry point : 0x08000131

  Load Region LR_IROM1 (Base: 0x08000000, Size: 0x00004aec, Max: 0x00040000, ABSOLUTE)

    Execution Region ER_IROM1 (Base: 0x08000000, Size: 0x00004a98, Max: 0x00040000, ABSOLUTE)

    Base Addr    Size         Type   Attr      Idx    E Section Name        Object

    0x08000000   0x00000130   Data   RO           73    RESET               startup_stm32f10x_hd.o
    0x08000130   0x00000008   Code   RO         1897  * !!!main             c_w.l(__main.o)
    0x08000138   0x00000034   Code   RO         2325    !!!scatter          c_w.l(__scatter.o)
    0x0800016c   0x0000001a   Code   RO         2327    !!handler_copy      c_w.l(__scatter_copy.o)
    0x08000186   0x00000002   PAD
    0x08000188   0x0000001c   Code   RO         2329    !!handler_zi        c_w.l(__scatter_zi.o)
    0x080001a4   0x00000000   Code   RO         1888    .ARM.Collect$$_printf_percent$$00000000  c_w.l(_printf_percent.o)
    0x080001a4   0x00000006   Code   RO         1887    .ARM.Collect$$_printf_percent$$00000003  c_w.l(_printf_f.o)
    0x080001aa   0x00000006   Code   RO         1886    .ARM.Collect$$_printf_percent$$00000009  c_w.l(_printf_d.o)
    0x080001b0   0x00000006   Code   RO         1885    .ARM.Collect$$_printf_percent$$00000014  c_w.l(_printf_s.o)
    0x080001b6   0x00000004   Code   RO         2038    .ARM.Collect$$_printf_percent$$00000017  c_w.l(_printf_percent_end.o)
    0x080001ba   0x00000002   Code   RO         2201    .ARM.Collect$$libinit$$00000000  c_w.l(libinit.o)
    0x080001bc   0x00000000   Code   RO         2203    .ARM.Collect$$libinit$$00000002  c_w.l(libinit2.o)
    0x080001bc   0x00000000   Code   RO         2205    .ARM.Collect$$libinit$$00000004  c_w.l(libinit2.o)
    0x080001bc   0x00000000   Code   RO         2208    .ARM.Collect$$libinit$$0000000A  c_w.l(libinit2.o)
    0x080001bc   0x00000000   Code   RO         2210    .ARM.Collect$$libinit$$0000000C  c_w.l(libinit2.o)
    0x080001bc   0x00000000   Code   RO         2212    .ARM.Collect$$libinit$$0000000E  c_w.l(libinit2.o)
    0x080001bc   0x00000006   Code   RO         2213    .ARM.Collect$$libinit$$0000000F  c_w.l(libinit2.o)
    0x080001c2   0x00000000   Code   RO         2215    .ARM.Collect$$libinit$$00000011  c_w.l(libinit2.o)
    0x080001c2   0x00000000   Code   RO         2217    .ARM.Collect$$libinit$$00000013  c_w.l(libinit2.o)
    0x080001c2   0x00000000   Code   RO         2219    .ARM.Collect$$libinit$$00000015  c_w.l(libinit2.o)
    0x080001c2   0x0000000a   Code   RO         2220    .ARM.Collect$$libinit$$00000016  c_w.l(libinit2.o)
    0x080001cc   0x00000000   Code   RO         2221    .ARM.Collect$$libinit$$00000017  c_w.l(libinit2.o)
    0x080001cc   0x00000000   Code   RO         2223    .ARM.Collect$$libinit$$00000019  c_w.l(libinit2.o)
    0x080001cc   0x00000000   Code   RO         2225    .ARM.Collect$$libinit$$0000001B  c_w.l(libinit2.o)
    0x080001cc   0x00000000   Code   RO         2227    .ARM.Collect$$libinit$$0000001D  c_w.l(libinit2.o)
    0x080001cc   0x00000000   Code   RO         2229    .ARM.Collect$$libinit$$0000001F  c_w.l(libinit2.o)
    0x080001cc   0x00000000   Code   RO         2231    .ARM.Collect$$libinit$$00000021  c_w.l(libinit2.o)
    0x080001cc   0x00000000   Code   RO         2233    .ARM.Collect$$libinit$$00000023  c_w.l(libinit2.o)
    0x080001cc   0x00000000   Code   RO         2235    .ARM.Collect$$libinit$$00000025  c_w.l(libinit2.o)
    0x080001cc   0x00000000   Code   RO         2239    .ARM.Collect$$libinit$$0000002C  c_w.l(libinit2.o)
    0x080001cc   0x00000000   Code   RO         2241    .ARM.Collect$$libinit$$0000002E  c_w.l(libinit2.o)
    0x080001cc   0x00000000   Code   RO         2243    .ARM.Collect$$libinit$$00000030  c_w.l(libinit2.o)
    0x080001cc   0x00000000   Code   RO         2245    .ARM.Collect$$libinit$$00000032  c_w.l(libinit2.o)
    0x080001cc   0x00000002   Code   RO         2246    .ARM.Collect$$libinit$$00000033  c_w.l(libinit2.o)
    0x080001ce   0x00000002   Code   RO         2276    .ARM.Collect$$libshutdown$$00000000  c_w.l(libshutdown.o)
    0x080001d0   0x00000000   Code   RO         2286    .ARM.Collect$$libshutdown$$00000003  c_w.l(libshutdown2.o)
    0x080001d0   0x00000000   Code   RO         2289    .ARM.Collect$$libshutdown$$00000006  c_w.l(libshutdown2.o)
    0x080001d0   0x00000000   Code   RO         2292    .ARM.Collect$$libshutdown$$00000009  c_w.l(libshutdown2.o)
    0x080001d0   0x00000000   Code   RO         2294    .ARM.Collect$$libshutdown$$0000000B  c_w.l(libshutdown2.o)
    0x080001d0   0x00000000   Code   RO         2297    .ARM.Collect$$libshutdown$$0000000E  c_w.l(libshutdown2.o)
    0x080001d0   0x00000002   Code   RO         2298    .ARM.Collect$$libshutdown$$0000000F  c_w.l(libshutdown2.o)
    0x080001d2   0x00000000   Code   RO         2023    .ARM.Collect$$rtentry$$00000000  c_w.l(__rtentry.o)
    0x080001d2   0x00000000   Code   RO         2117    .ARM.Collect$$rtentry$$00000002  c_w.l(__rtentry2.o)
    0x080001d2   0x00000006   Code   RO         2129    .ARM.Collect$$rtentry$$00000004  c_w.l(__rtentry4.o)
    0x080001d8   0x00000000   Code   RO         2119    .ARM.Collect$$rtentry$$00000009  c_w.l(__rtentry2.o)
    0x080001d8   0x00000004   Code   RO         2120    .ARM.Collect$$rtentry$$0000000A  c_w.l(__rtentry2.o)
    0x080001dc   0x00000000   Code   RO         2122    .ARM.Collect$$rtentry$$0000000C  c_w.l(__rtentry2.o)
    0x080001dc   0x00000008   Code   RO         2123    .ARM.Collect$$rtentry$$0000000D  c_w.l(__rtentry2.o)
    0x080001e4   0x00000002   Code   RO         2249    .ARM.Collect$$rtexit$$00000000  c_w.l(rtexit.o)
    0x080001e6   0x00000000   Code   RO         2256    .ARM.Collect$$rtexit$$00000002  c_w.l(rtexit2.o)
    0x080001e6   0x00000004   Code   RO         2257    .ARM.Collect$$rtexit$$00000003  c_w.l(rtexit2.o)
    0x080001ea   0x00000006   Code   RO         2258    .ARM.Collect$$rtexit$$00000004  c_w.l(rtexit2.o)
    0x080001f0   0x00000040   Code   RO           74    .text               startup_stm32f10x_hd.o
    0x08000230   0x00000002   Code   RO         1849    .text               c_w.l(use_no_semi_2.o)
    0x08000232   0x00000002   PAD
    0x08000234   0x00000018   Code   RO         1855    .text               c_w.l(noretval__2printf.o)
    0x0800024c   0x00000052   Code   RO         1861    .text               c_w.l(_printf_str.o)
    0x0800029e   0x00000002   PAD
    0x080002a0   0x00000078   Code   RO         1863    .text               c_w.l(_printf_dec.o)
    0x08000318   0x00000138   Code   RO         1877    .text               c_w.l(__printf_flags_wp.o)
    0x08000450   0x00000006   Code   RO         1895    .text               c_w.l(heapauxi.o)
    0x08000456   0x00000002   Code   RO         2021    .text               c_w.l(use_no_semi.o)
    0x08000458   0x00000016   Code   RO         2024    .text               c_w.l(_rserrno.o)
    0x0800046e   0x000000b2   Code   RO         2026    .text               c_w.l(_printf_intcommon.o)
    0x08000520   0x0000041a   Code   RO         2028    .text               c_w.l(_printf_fp_dec.o)
    0x0800093a   0x00000002   PAD
    0x0800093c   0x00000030   Code   RO         2030    .text               c_w.l(_printf_char_common.o)
    0x0800096c   0x0000002c   Code   RO         2034    .text               c_w.l(_printf_char.o)
    0x08000998   0x00000024   Code   RO         2036    .text               c_w.l(_printf_char_file.o)
    0x080009bc   0x00000008   Code   RO         2134    .text               c_w.l(rt_locale_intlibspace.o)
    0x080009c4   0x00000008   Code   RO         2139    .text               c_w.l(rt_errno_addr_intlibspace.o)
    0x080009cc   0x0000008a   Code   RO         2141    .text               c_w.l(lludiv10.o)
    0x08000a56   0x00000002   PAD
    0x08000a58   0x00000080   Code   RO         2143    .text               c_w.l(_printf_fp_infnan.o)
    0x08000ad8   0x000000dc   Code   RO         2147    .text               c_w.l(bigflt0.o)
    0x08000bb4   0x00000008   Code   RO         2172    .text               c_w.l(ferror.o)
    0x08000bbc   0x00000008   Code   RO         2187    .text               c_w.l(libspace.o)
    0x08000bc4   0x0000004a   Code   RO         2190    .text               c_w.l(sys_stackheap_outer.o)
    0x08000c0e   0x0000000c   Code   RO         2192    .text               c_w.l(exit.o)
    0x08000c1a   0x00000002   PAD
    0x08000c1c   0x00000080   Code   RO         2194    .text               c_w.l(strcmpv7m.o)
    0x08000c9c   0x0000003e   Code   RO         2150    CL$$btod_d2e        c_w.l(btod.o)
    0x08000cda   0x00000046   Code   RO         2152    CL$$btod_d2e_denorm_low  c_w.l(btod.o)
    0x08000d20   0x00000060   Code   RO         2151    CL$$btod_d2e_norm_op1  c_w.l(btod.o)
    0x08000d80   0x00000338   Code   RO         2160    CL$$btod_div_common  c_w.l(btod.o)
    0x080010b8   0x000000c6   Code   RO         2157    CL$$btod_e2e        c_w.l(btod.o)
    0x0800117e   0x00000028   Code   RO         2154    CL$$btod_ediv       c_w.l(btod.o)
    0x080011a6   0x00000028   Code   RO         2153    CL$$btod_emul       c_w.l(btod.o)
    0x080011ce   0x00000244   Code   RO         2159    CL$$btod_mult_common  c_w.l(btod.o)
    0x08001412   0x00000002   PAD
    0x08001414   0x00000060   Code   RO         1221    i.Base_Tim_Init     bsp_basetim.o
    0x08001474   0x0000001c   Code   RO         1442    i.BusFault_Handler  stm32f10x_it.o
    0x08001490   0x0000001c   Code   RO         1443    i.DebugMon_Handler  stm32f10x_it.o
    0x080014ac   0x0000009c   Code   RO         1037    i.GPIO_Init         stm32f10x_gpio.o
    0x08001548   0x0000000e   Code   RO         1041    i.GPIO_ReadInputDataBit  stm32f10x_gpio.o
    0x08001556   0x00000002   PAD
    0x08001558   0x0000001c   Code   RO         1444    i.HardFault_Handler  stm32f10x_it.o
    0x08001574   0x0000005c   Code   RO         1271    i.Key_GPIO_Init     bsp_key.o
    0x080015d0   0x000000d8   Code   RO         1272    i.Key_Scan          bsp_key.o
    0x080016a8   0x0000001c   Code   RO         1445    i.MemManage_Handler  stm32f10x_it.o
    0x080016c4   0x00000002   Code   RO         1589    i.Mode0             bsp_control.o
    0x080016c6   0x00000002   PAD
    0x080016c8   0x000001a0   Code   RO         1590    i.Mode1             bsp_control.o
    0x08001868   0x000000d8   Code   RO         1591    i.Mode2             bsp_control.o
    0x08001940   0x00000130   Code   RO         1592    i.Mode3             bsp_control.o
    0x08001a70   0x00000012   Code   RO         1622    i.Motor_Init        motor.o
    0x08001a82   0x00000002   PAD
    0x08001a84   0x0000001c   Code   RO         1446    i.NMI_Handler       stm32f10x_it.o
    0x08001aa0   0x00000064   Code   RO           78    i.NVIC_Init         misc.o
    0x08001b04   0x00000014   Code   RO           79    i.NVIC_PriorityGroupConfig  misc.o
    0x08001b18   0x0000001c   Code   RO         1760    i.PID_M1_Init       motor_pid.o
    0x08001b34   0x000000a4   Code   RO         1761    i.PID_M1_PosLocCalc  motor_pid.o
    0x08001bd8   0x0000000c   Code   RO         1762    i.PID_M1_SetKd      motor_pid.o
    0x08001be4   0x0000000c   Code   RO         1763    i.PID_M1_SetKi      motor_pid.o
    0x08001bf0   0x0000000c   Code   RO         1764    i.PID_M1_SetKp      motor_pid.o
    0x08001bfc   0x0000000c   Code   RO         1765    i.PID_M1_SetPoint   motor_pid.o
    0x08001c08   0x0000001c   Code   RO         1766    i.PID_M2_Init       motor_pid.o
    0x08001c24   0x000000a4   Code   RO         1767    i.PID_M2_PosLocCalc  motor_pid.o
    0x08001cc8   0x0000000c   Code   RO         1768    i.PID_M2_SetKd      motor_pid.o
    0x08001cd4   0x0000000c   Code   RO         1769    i.PID_M2_SetKi      motor_pid.o
    0x08001ce0   0x0000000c   Code   RO         1770    i.PID_M2_SetKp      motor_pid.o
    0x08001cec   0x0000000c   Code   RO         1771    i.PID_M2_SetPoint   motor_pid.o
    0x08001cf8   0x0000001c   Code   RO         1447    i.PendSV_Handler    stm32f10x_it.o
    0x08001d14   0x00000018   Code   RO          120    i.RCC_APB1PeriphClockCmd  stm32f10x_rcc.o
    0x08001d2c   0x00000018   Code   RO          122    i.RCC_APB2PeriphClockCmd  stm32f10x_rcc.o
    0x08001d44   0x00000094   Code   RO          130    i.RCC_GetClocksFreq  stm32f10x_rcc.o
    0x08001dd8   0x0000001c   Code   RO         1448    i.SVC_Handler       stm32f10x_it.o
    0x08001df4   0x000000a8   Code   RO           17    i.SetSysClockTo72   system_stm32f10x.o
    0x08001e9c   0x0000000e   Code   RO         1624    i.Set_MotorX_PWM    motor.o
    0x08001eaa   0x0000000e   Code   RO         1626    i.Set_MotorY_PWM    motor.o
    0x08001eb8   0x0000002c   Code   RO         1627    i.Set_X_Negative_PWM  motor.o
    0x08001ee4   0x0000002c   Code   RO         1628    i.Set_X_Positive_PWM  motor.o
    0x08001f10   0x00000030   Code   RO         1629    i.Set_Y_Negative_PWM  motor.o
    0x08001f40   0x00000030   Code   RO         1630    i.Set_Y_Positive_PWM  motor.o
    0x08001f70   0x00000050   Code   RO         1631    i.Set_motor1_Stop   motor.o
    0x08001fc0   0x00000002   Code   RO         1449    i.SysTick_Handler   stm32f10x_it.o
    0x08001fc2   0x00000002   PAD
    0x08001fc4   0x00000050   Code   RO           19    i.SystemInit        system_stm32f10x.o
    0x08002014   0x0000012c   Code   RO         1450    i.TIM7_IRQHandler   stm32f10x_it.o
    0x08002140   0x00000014   Code   RO          320    i.TIM_ARRPreloadConfig  stm32f10x_tim.o
    0x08002154   0x00000006   Code   RO          326    i.TIM_ClearFlag     stm32f10x_tim.o
    0x0800215a   0x00000014   Code   RO          332    i.TIM_Cmd           stm32f10x_tim.o
    0x0800216e   0x00000018   Code   RO          353    i.TIM_GetITStatus   stm32f10x_tim.o
    0x08002186   0x00000010   Code   RO          357    i.TIM_ITConfig      stm32f10x_tim.o
    0x08002196   0x00000002   PAD
    0x08002198   0x00000080   Code   RO          361    i.TIM_OC1Init       stm32f10x_tim.o
    0x08002218   0x0000000c   Code   RO          364    i.TIM_OC1PreloadConfig  stm32f10x_tim.o
    0x08002224   0x00000080   Code   RO          366    i.TIM_OC2Init       stm32f10x_tim.o
    0x080022a4   0x00000014   Code   RO          369    i.TIM_OC2PreloadConfig  stm32f10x_tim.o
    0x080022b8   0x0000007c   Code   RO          371    i.TIM_OC3Init       stm32f10x_tim.o
    0x08002334   0x0000000c   Code   RO          374    i.TIM_OC3PreloadConfig  stm32f10x_tim.o
    0x08002340   0x00000064   Code   RO          376    i.TIM_OC4Init       stm32f10x_tim.o
    0x080023a4   0x00000014   Code   RO          378    i.TIM_OC4PreloadConfig  stm32f10x_tim.o
    0x080023b8   0x0000009c   Code   RO          403    i.TIM_TimeBaseInit  stm32f10x_tim.o
    0x08002454   0x000000a8   Code   RO         1236    i.TIMx_Mode_Config  bsp_pwm_output.o
    0x080024fc   0x0000006c   Code   RO         1237    i.TIMx_PWM_Init     bsp_pwm_output.o
    0x08002568   0x00000064   Code   RO         1179    i.USART1_IRQHandler  bsp_usart.o
    0x080025cc   0x000000c0   Code   RO         1451    i.USART2_IRQHandler  stm32f10x_it.o
    0x0800268c   0x000000ac   Code   RO         1362    i.USART3_Config     bsp_usart_hmi.o
    0x08002738   0x00000014   Code   RO          855    i.USART_Cmd         stm32f10x_usart.o
    0x0800274c   0x000000a4   Code   RO         1299    i.USART_Config      bsp_usart2.o
    0x080027f0   0x0000000e   Code   RO          858    i.USART_GetFlagStatus  stm32f10x_usart.o
    0x080027fe   0x0000003e   Code   RO          859    i.USART_GetITStatus  stm32f10x_usart.o
    0x0800283c   0x00000030   Code   RO          861    i.USART_ITConfig    stm32f10x_usart.o
    0x0800286c   0x000000ac   Code   RO          862    i.USART_Init        stm32f10x_usart.o
    0x08002918   0x00000008   Code   RO          869    i.USART_ReceiveData  stm32f10x_usart.o
    0x08002920   0x00000008   Code   RO          872    i.USART_SendData    stm32f10x_usart.o
    0x08002928   0x0000001c   Code   RO         1452    i.UsageFault_Handler  stm32f10x_it.o
    0x08002944   0x00000016   Code   RO         1300    i.Usart_SendByte    bsp_usart2.o
    0x0800295a   0x00000026   Code   RO         1302    i.Usart_SendString  bsp_usart2.o
    0x08002980   0x00000028   Code   RO         2183    i.__ARM_fpclassify  m_ws.l(fpclassify.o)
    0x080029a8   0x00000388   Code   RO         2102    i.__ieee754_rem_pio2  m_ws.l(rred.o)
    0x08002d30   0x000000fc   Code   RO         2068    i.__kernel_cos      m_ws.l(cos_i.o)
    0x08002e2c   0x000000aa   Code   RO         2185    i.__kernel_poly     m_ws.l(poly.o)
    0x08002ed6   0x00000002   PAD
    0x08002ed8   0x000000ec   Code   RO         2110    i.__kernel_sin      m_ws.l(sin_i.o)
    0x08002fc4   0x00000006   Code   RO         2072    i.__mathlib_dbl_infnan  m_ws.l(dunder.o)
    0x08002fca   0x00000004   Code   RO         2073    i.__mathlib_dbl_infnan2  m_ws.l(dunder.o)
    0x08002fce   0x0000000c   Code   RO         2074    i.__mathlib_dbl_invalid  m_ws.l(dunder.o)
    0x08002fda   0x00000002   PAD
    0x08002fdc   0x00000010   Code   RO         2077    i.__mathlib_dbl_underflow  m_ws.l(dunder.o)
    0x08002fec   0x0000000e   Code   RO         1875    i._is_digit         c_w.l(__printf_wp.o)
    0x08002ffa   0x00000002   Code   RO         1180    i._sys_exit         bsp_usart.o
    0x08002ffc   0x00000220   Code   RO         2059    i.atan              m_ws.l(atan.o)
    0x0800321c   0x00000180   Code   RO         1966    i.atan2             m_ws.l(atan2.o)
    0x0800339c   0x0000009c   Code   RO         1982    i.cos               m_ws.l(cos.o)
    0x08003438   0x00000018   Code   RO         1181    i.fputc             bsp_usart.o
    0x08003450   0x000000a0   Code   RO         1336    i.get_angle         usart_mpu.o
    0x080034f0   0x00000104   Code   RO         1402    i.main              stm32f10x_main.o
    0x080035f4   0x0000009c   Code   RO         1632    i.motor_Control_GPIO_Init  motor.o
    0x08003690   0x00000008   Code   RO         1633    i.my_abs            motor.o
    0x08003698   0x000000a0   Code   RO         1998    i.sin               m_ws.l(sin.o)
    0x08003738   0x00000020   Code   RO         1148    i.systick_init      bsp_systick.o
    0x08003758   0x000000b0   Code   RO         1182    i.usart_init        bsp_usart.o
    0x08003808   0x0000002c   Code   RO         2177    locale$$code        c_w.l(lc_numeric_c.o)
    0x08003834   0x00000062   Code   RO         1899    x$fpl$d2f           fz_ws.l(d2f.o)
    0x08003896   0x00000002   PAD
    0x08003898   0x00000150   Code   RO         1901    x$fpl$dadd          fz_ws.l(daddsub_clz.o)
    0x080039e8   0x00000010   Code   RO         2039    x$fpl$dcheck1       fz_ws.l(dcheck1.o)
    0x080039f8   0x00000018   Code   RO         2041    x$fpl$dcmpinf       fz_ws.l(dcmpi.o)
    0x08003a10   0x000002b0   Code   RO         1908    x$fpl$ddiv          fz_ws.l(ddiv.o)
    0x08003cc0   0x0000005e   Code   RO         1911    x$fpl$dfix          fz_ws.l(dfix.o)
    0x08003d1e   0x0000002e   Code   RO         1916    x$fpl$dflt          fz_ws.l(dflt_clz.o)
    0x08003d4c   0x00000026   Code   RO         1915    x$fpl$dfltu         fz_ws.l(dflt_clz.o)
    0x08003d72   0x00000002   PAD
    0x08003d74   0x00000078   Code   RO         1921    x$fpl$dleqf         fz_ws.l(dleqf.o)
    0x08003dec   0x00000154   Code   RO         1923    x$fpl$dmul          fz_ws.l(dmul.o)
    0x08003f40   0x0000009c   Code   RO         2043    x$fpl$dnaninf       fz_ws.l(dnaninf.o)
    0x08003fdc   0x0000000c   Code   RO         2045    x$fpl$dretinf       fz_ws.l(dretinf.o)
    0x08003fe8   0x0000006c   Code   RO         1925    x$fpl$drleqf        fz_ws.l(drleqf.o)
    0x08004054   0x00000016   Code   RO         1902    x$fpl$drsb          fz_ws.l(daddsub_clz.o)
    0x0800406a   0x00000002   PAD
    0x0800406c   0x000001d4   Code   RO         1903    x$fpl$dsub          fz_ws.l(daddsub_clz.o)
    0x08004240   0x00000056   Code   RO         1927    x$fpl$f2d           fz_ws.l(f2d.o)
    0x08004296   0x00000002   PAD
    0x08004298   0x000000c4   Code   RO         1929    x$fpl$fadd          fz_ws.l(faddsub_clz.o)
    0x0800435c   0x0000000c   Code   RO         2047    x$fpl$fcheck1       fz_ws.l(fcheck1.o)
    0x08004368   0x00000036   Code   RO         1939    x$fpl$ffix          fz_ws.l(ffix.o)
    0x0800439e   0x00000002   PAD
    0x080043a0   0x00000102   Code   RO         1949    x$fpl$fmul          fz_ws.l(fmul.o)
    0x080044a2   0x0000008c   Code   RO         2049    x$fpl$fnaninf       fz_ws.l(fnaninf.o)
    0x0800452e   0x0000000a   Code   RO         2051    x$fpl$fretinf       fz_ws.l(fretinf.o)
    0x08004538   0x00000014   Code   RO         1930    x$fpl$frsb          fz_ws.l(faddsub_clz.o)
    0x0800454c   0x000000ea   Code   RO         1931    x$fpl$fsub          fz_ws.l(faddsub_clz.o)
    0x08004636   0x00000004   Code   RO         1951    x$fpl$printf1       fz_ws.l(printf1.o)
    0x0800463a   0x00000064   Code   RO         2181    x$fpl$retnan        fz_ws.l(retnan.o)
    0x0800469e   0x0000005c   Code   RO         1953    x$fpl$scalbn        fz_ws.l(scalbn.o)
    0x080046fa   0x0000004c   Code   RO         1955    x$fpl$scalbnf       fz_ws.l(scalbnf.o)
    0x08004746   0x00000030   Code   RO         2247    x$fpl$trapveneer    fz_ws.l(trapv.o)
    0x08004776   0x00000000   Code   RO         2057    x$fpl$usenofp       fz_ws.l(usenofp.o)
    0x08004776   0x00000080   Data   RO         1453    .constdata          stm32f10x_it.o
    0x080047f6   0x00000011   Data   RO         1878    .constdata          c_w.l(__printf_flags_wp.o)
    0x08004807   0x00000001   PAD
    0x08004808   0x00000098   Data   RO         2060    .constdata          m_ws.l(atan.o)
    0x080048a0   0x00000030   Data   RO         2069    .constdata          m_ws.l(cos_i.o)
    0x080048d0   0x00000008   Data   RO         2101    .constdata          m_ws.l(qnan.o)
    0x080048d8   0x000000c8   Data   RO         2104    .constdata          m_ws.l(rred.o)
    0x080049a0   0x00000028   Data   RO         2111    .constdata          m_ws.l(sin_i.o)
    0x080049c8   0x00000094   Data   RO         2148    .constdata          c_w.l(bigflt0.o)
    0x08004a5c   0x00000020   Data   RO         2323    Region$$Table       anon$$obj.o
    0x08004a7c   0x0000001c   Data   RO         2176    locale$$data        c_w.l(lc_numeric_c.o)


    Execution Region RW_IRAM1 (Base: 0x20000000, Size: 0x00000808, Max: 0x0000c000, ABSOLUTE)

    Base Addr    Size         Type   Attr      Idx    E Section Name        Object

    0x20000000   0x00000014   Data   RW          150    .data               stm32f10x_rcc.o
    0x20000014   0x00000004   Data   RW         1149    .data               bsp_systick.o
    0x20000018   0x00000002   Data   RW         1184    .data               bsp_usart.o
    0x2000001a   0x00000002   PAD
    0x2000001c   0x00000004   Data   RW         1185    .data               bsp_usart.o
    0x20000020   0x00000004   Data   RW         1274    .data               bsp_key.o
    0x20000024   0x00000008   Data   RW         1340    .data               usart_mpu.o
    0x2000002c   0x00000004   Data   RW         1403    .data               stm32f10x_main.o
    0x20000030   0x00000002   Data   RW         1454    .data               stm32f10x_it.o
    0x20000032   0x00000002   PAD
    0x20000034   0x00000020   Data   RW         1593    .data               bsp_control.o
    0x20000054   0x000000c8   Zero   RW         1183    .bss                bsp_usart.o
    0x2000011c   0x0000002f   Zero   RW         1338    .bss                usart_mpu.o
    0x2000014b   0x0000000b   Zero   RW         1339    .bss                usart_mpu.o
    0x20000156   0x00000002   PAD
    0x20000158   0x00000050   Zero   RW         1772    .bss                motor_pid.o
    0x200001a8   0x00000060   Zero   RW         2188    .bss                c_w.l(libspace.o)
    0x20000208   0x00000200   Zero   RW           72    HEAP                startup_stm32f10x_hd.o
    0x20000408   0x00000400   Zero   RW           71    STACK               startup_stm32f10x_hd.o


==============================================================================

Image component sizes


      Code (inc. data)   RO Data    RW Data    ZI Data      Debug   Object Name

        96          6          0          0          0       1048   bsp_basetim.o
       938        118          0         32          0       3217   bsp_control.o
       308         14          0          4          0       1403   bsp_key.o
       276         14          0          0          0       1808   bsp_pwm_output.o
        32          6          0          4          0        731   bsp_systick.o
       302         26          0          6        200       4245   bsp_usart.o
       224          8          0          0          0       2391   bsp_usart2.o
       172         10          0          0          0       1148   bsp_usart_hmi.o
         0          0          0          0          0       4544   core_cm3.o
       120         16          0          0          0       1543   misc.o
       474         76          0          0          0       5442   motor.o
       480         88          0          0         80       6756   motor_pid.o
        64         26        304          0       1536        820   startup_stm32f10x_hd.o
       170          0          0          0          0       2676   stm32f10x_gpio.o
       718        256        128          2          0       6019   stm32f10x_it.o
       260         46          0          4          0       1928   stm32f10x_main.o
       196         28          0         20          0       4510   stm32f10x_rcc.o
       786         90          0          0          0      10704   stm32f10x_tim.o
       332          6          0          0          0       6321   stm32f10x_usart.o
       248         24          0          0          0     250005   system_stm32f10x.o
       160         20          0          8         58       1940   usart_mpu.o

    ----------------------------------------------------------------------
      6366        878        464         84       1876     319199   Object Totals
         0          0         32          0          0          0   (incl. Generated)
        10          0          0          4          2          0   (incl. Padding)

    ----------------------------------------------------------------------

      Code (inc. data)   RO Data    RW Data    ZI Data      Debug   Library Member Name

         8          0          0          0          0         68   __main.o
       312          4         17          0          0         92   __printf_flags_wp.o
        14          0          0          0          0         68   __printf_wp.o
         0          0          0          0          0          0   __rtentry.o
        12          0          0          0          0          0   __rtentry2.o
         6          0          0          0          0          0   __rtentry4.o
        52          8          0          0          0          0   __scatter.o
        26          0          0          0          0          0   __scatter_copy.o
        28          0          0          0          0          0   __scatter_zi.o
        44          0          0          0          0        108   _printf_char.o
        48          6          0          0          0         96   _printf_char_common.o
        36          4          0          0          0         80   _printf_char_file.o
         6          0          0          0          0          0   _printf_d.o
       120         16          0          0          0         92   _printf_dec.o
         6          0          0          0          0          0   _printf_f.o
      1050          0          0          0          0        216   _printf_fp_dec.o
       128         16          0          0          0         84   _printf_fp_infnan.o
       178          0          0          0          0         88   _printf_intcommon.o
         0          0          0          0          0          0   _printf_percent.o
         4          0          0          0          0          0   _printf_percent_end.o
         6          0          0          0          0          0   _printf_s.o
        82          0          0          0          0         80   _printf_str.o
        22          0          0          0          0        100   _rserrno.o
       220          4        148          0          0         96   bigflt0.o
      1910        128          0          0          0        672   btod.o
        12          0          0          0          0         72   exit.o
         8          0          0          0          0         68   ferror.o
         6          0          0          0          0        152   heapauxi.o
        44         10         28          0          0         76   lc_numeric_c.o
         2          0          0          0          0          0   libinit.o
        18          0          0          0          0          0   libinit2.o
         2          0          0          0          0          0   libshutdown.o
         2          0          0          0          0          0   libshutdown2.o
         8          4          0          0         96         68   libspace.o
       138          0          0          0          0         80   lludiv10.o
        24          4          0          0          0         84   noretval__2printf.o
         8          4          0          0          0         68   rt_errno_addr_intlibspace.o
         8          4          0          0          0         68   rt_locale_intlibspace.o
         2          0          0          0          0          0   rtexit.o
        10          0          0          0          0          0   rtexit2.o
       128          0          0          0          0         68   strcmpv7m.o
        74          0          0          0          0         80   sys_stackheap_outer.o
         2          0          0          0          0         68   use_no_semi.o
         2          0          0          0          0         68   use_no_semi_2.o
        98          4          0          0          0         92   d2f.o
       826         16          0          0          0        348   daddsub_clz.o
        16          4          0          0          0         68   dcheck1.o
        24          0          0          0          0         68   dcmpi.o
       688        140          0          0          0        208   ddiv.o
        94          4          0          0          0         92   dfix.o
        84          0          0          0          0        136   dflt_clz.o
       120          4          0          0          0         92   dleqf.o
       340         12          0          0          0        104   dmul.o
       156          4          0          0          0         92   dnaninf.o
        12          0          0          0          0         68   dretinf.o
       108          0          0          0          0         80   drleqf.o
        86          4          0          0          0         84   f2d.o
       450          8          0          0          0        236   faddsub_clz.o
        12          4          0          0          0         68   fcheck1.o
        54          4          0          0          0         84   ffix.o
       258          4          0          0          0         84   fmul.o
       140          4          0          0          0         84   fnaninf.o
        10          0          0          0          0         68   fretinf.o
         4          0          0          0          0         68   printf1.o
       100          0          0          0          0         68   retnan.o
        92          0          0          0          0         68   scalbn.o
        76          0          0          0          0         68   scalbnf.o
        48          0          0          0          0         68   trapv.o
         0          0          0          0          0          0   usenofp.o
       544         70        152          0          0        124   atan.o
       384         38          0          0          0        144   atan2.o
       156          8          0          0          0        104   cos.o
       252         22         48          0          0        124   cos_i.o
        38          6          0          0          0        272   dunder.o
        40          0          0          0          0         68   fpclassify.o
       170          0          0          0          0         96   poly.o
         0          0          8          0          0          0   qnan.o
       904         76        200          0          0        140   rred.o
       160         10          0          0          0        108   sin.o
       236         12         40          0          0        128   sin_i.o

    ----------------------------------------------------------------------
     11624        670        642          0         96       6764   Library Totals
        28          0          1          0          0          0   (incl. Padding)

    ----------------------------------------------------------------------

      Code (inc. data)   RO Data    RW Data    ZI Data      Debug   Library Name

      4816        212        193          0         96       2960   c_w.l
      3896        216          0          0          0       2496   fz_ws.l
      2884        242        448          0          0       1308   m_ws.l

    ----------------------------------------------------------------------
     11624        670        642          0         96       6764   Library Totals

    ----------------------------------------------------------------------

==============================================================================


      Code (inc. data)   RO Data    RW Data    ZI Data      Debug   

     17990       1548       1106         84       1972     318159   Grand Totals
     17990       1548       1106         84       1972     318159   ELF Image Totals
     17990       1548       1106         84          0          0   ROM Totals

==============================================================================

    Total RO  Size (Code + RO Data)                19096 (  18.65kB)
    Total RW  Size (RW Data + ZI Data)              2056 (   2.01kB)
    Total ROM Size (Code + RO Data + RW Data)      19180 (  18.73kB)

==============================================================================

